   1               		.file	"mem_check.c"
   2               	__SREG__ = 0x3f
   3               	__SP_H__ = 0x3e
   4               	__SP_L__ = 0x3d
   5               	__CCP__ = 0x34
   6               	__tmp_reg__ = 0
   7               	__zero_reg__ = 1
   8               		.text
   9               	.global	get_mem_unused
  11               	get_mem_unused:
  12               	/* prologue: function */
  13               	/* frame size = 0 */
  14               	/* stack size = 0 */
  15               	.L__stack_usage = 0
  16 0000 E0E0      		ldi r30,lo8(__heap_start)
  17 0002 F0E0      		ldi r31,hi8(__heap_start)
  18 0004 20E0      		ldi r18,lo8(0)
  19 0006 30E0      		ldi r19,hi8(0)
  20               	.L3:
  21 0008 8191      		ld r24,Z+
  22 000a 8A3A      		cpi r24,lo8(-86)
  23 000c 01F4      		brne .L2
  24 000e 2F5F      		subi r18,lo8(-(1))
  25 0010 3F4F      		sbci r19,hi8(-(1))
  26 0012 81E1      		ldi r24,hi8(4352)
  27 0014 E030      		cpi r30,lo8(4352)
  28 0016 F807      		cpc r31,r24
  29 0018 00F0      		brlo .L3
  30               	.L2:
  31 001a C901      		movw r24,r18
  32               	/* epilogue start */
  33 001c 0895      		ret
  35               		.section	.init8,"ax",@progbits
  36               	.global	__init8_mem
  38               	__init8_mem:
  39               	/* prologue: naked */
  40               	/* frame size = 0 */
  41               	/* stack size = 0 */
  42               	.L__stack_usage = 0
  43               	/* #APP */
  44               	 ;  31 "../../canix/mem_check.c" 1
  45 0000 E0E0      		ldi r30, lo8 (__heap_start)
  46 0002 F0E0      		ldi r31, hi8 (__heap_start)
  47 0004 8AEA      		ldi r24, 170
  48 0006 91E1      		ldi r25, hi8(4352)
  49               	0:
  50 0008 8193      		st Z+,r24
  51 000a E030      		cpi r30, lo8(4352)
  52 000c F907      		cpc r31, r25
  53 000e 00F0      		brlo 0b
  54               	 ;  0 "" 2
  55               	/* epilogue start */
  56               	/* #NOAPP */
DEFINED SYMBOLS
                            *ABS*:00000000 mem_check.c
     /tmp/ccUukCYv.s:2      *ABS*:0000003f __SREG__
     /tmp/ccUukCYv.s:3      *ABS*:0000003e __SP_H__
     /tmp/ccUukCYv.s:4      *ABS*:0000003d __SP_L__
     /tmp/ccUukCYv.s:5      *ABS*:00000034 __CCP__
     /tmp/ccUukCYv.s:6      *ABS*:00000000 __tmp_reg__
     /tmp/ccUukCYv.s:7      *ABS*:00000001 __zero_reg__
     /tmp/ccUukCYv.s:11     .text:00000000 get_mem_unused
     /tmp/ccUukCYv.s:38     .init8:00000000 __init8_mem

UNDEFINED SYMBOLS
__heap_start
