   1               		.file	"tools.c"
   2               	__SREG__ = 0x3f
   3               	__SP_H__ = 0x3e
   4               	__SP_L__ = 0x3d
   5               	__CCP__ = 0x34
   6               	__tmp_reg__ = 0
   7               	__zero_reg__ = 1
   8               		.text
   9               	.global	delay
  11               	delay:
  12               	/* prologue: function */
  13               	/* frame size = 0 */
  14               	/* stack size = 0 */
  15               	.L__stack_usage = 0
  16 0000 00C0      		rjmp .L2
  17               	.L4:
  18 0002 21EE      		ldi r18,lo8(737)
  19 0004 32E0      		ldi r19,hi8(737)
  20               	.L3:
  21               	/* #APP */
  22               	 ;  33 "../../canix/tools.c" 1
  23 0006 0000      		nop
  24               	 ;  0 "" 2
  25               	/* #NOAPP */
  26 0008 2150      		subi r18,lo8(-(-1))
  27 000a 3040      		sbci r19,hi8(-(-1))
  28 000c 01F4      		brne .L3
  29 000e 0197      		sbiw r24,1
  30               	.L2:
  31 0010 0097      		sbiw r24,0
  32 0012 01F4      		brne .L4
  33               	/* epilogue start */
  34 0014 0895      		ret
  36               	.global	_delayFourCycles
  38               	_delayFourCycles:
  39               	/* prologue: function */
  40               	/* frame size = 0 */
  41               	/* stack size = 0 */
  42               	.L__stack_usage = 0
  43 0016 0097      		sbiw r24,0
  44 0018 01F4      		brne .L7
  45               	/* #APP */
  46               	 ;  43 "../../canix/tools.c" 1
  47 001a 00C0      		rjmp 1f
  48               	 1:
  49               	 ;  0 "" 2
  50               	/* #NOAPP */
  51 001c 0895      		ret
  52               	.L7:
  53               	/* #APP */
  54               	 ;  45 "../../canix/tools.c" 1
  55 001e 0197      		1: sbiw r24,1
  56 0020 01F4      		brne 1b
  57               	 ;  0 "" 2
  58               	/* #NOAPP */
  59 0022 0895      		ret
  61               	.global	time_matches
  63               	time_matches:
  64 0024 0F93      		push r16
  65 0026 1F93      		push r17
  66               	/* prologue: function */
  67               	/* frame size = 0 */
  68               	/* stack size = 2 */
  69               	.L__stack_usage = 2
  70 0028 3CE3      		ldi r19,lo8(60)
  71 002a 839F      		mul r24,r19
  72 002c C001      		movw r24,r0
  73 002e 1124      		clr r1
  74 0030 860F      		add r24,r22
  75 0032 911D      		adc r25,__zero_reg__
  76 0034 439F      		mul r20,r19
  77 0036 A001      		movw r20,r0
  78 0038 1124      		clr r1
  79 003a 420F      		add r20,r18
  80 003c 511D      		adc r21,__zero_reg__
  81 003e 2091 0000 		lds r18,canix_rtc_clock+6
  82 0042 6091 0000 		lds r22,canix_rtc_clock+7
  83 0046 239F      		mul r18,r19
  84 0048 9001      		movw r18,r0
  85 004a 1124      		clr r1
  86 004c 260F      		add r18,r22
  87 004e 311D      		adc r19,__zero_reg__
  88 0050 4817      		cp r20,r24
  89 0052 5907      		cpc r21,r25
  90 0054 00F4      		brsh .L10
  91 0056 4056      		subi r20,lo8(-(1440))
  92 0058 5A4F      		sbci r21,hi8(-(1440))
  93 005a 2817      		cp r18,r24
  94 005c 3907      		cpc r19,r25
  95 005e 00F4      		brsh .L10
  96 0060 2056      		subi r18,lo8(-(1440))
  97 0062 3A4F      		sbci r19,hi8(-(1440))
  98               	.L10:
  99 0064 6091 0000 		lds r22,canix_rtc_clock+5
 100 0068 10E0      		ldi r17,lo8(0)
 101 006a 00C0      		rjmp 2f
 102 006c 1595      	1:	asr r17
 103 006e 0795      		ror r16
 104 0070 6A95      	2:	dec r22
 105 0072 02F4      		brpl 1b
 106 0074 00FF      		sbrs r16,0
 107 0076 00C0      		rjmp .L14
 108 0078 2817      		cp r18,r24
 109 007a 3907      		cpc r19,r25
 110 007c 00F0      		brlo .L14
 111 007e 81E0      		ldi r24,lo8(1)
 112 0080 4217      		cp r20,r18
 113 0082 5307      		cpc r21,r19
 114 0084 00F4      		brsh .L11
 115               	.L14:
 116 0086 80E0      		ldi r24,lo8(0)
 117               	.L11:
 118               	/* epilogue start */
 119 0088 1F91      		pop r17
 120 008a 0F91      		pop r16
 121 008c 0895      		ret
DEFINED SYMBOLS
                            *ABS*:00000000 tools.c
     /tmp/ccFfJhNe.s:2      *ABS*:0000003f __SREG__
     /tmp/ccFfJhNe.s:3      *ABS*:0000003e __SP_H__
     /tmp/ccFfJhNe.s:4      *ABS*:0000003d __SP_L__
     /tmp/ccFfJhNe.s:5      *ABS*:00000034 __CCP__
     /tmp/ccFfJhNe.s:6      *ABS*:00000000 __tmp_reg__
     /tmp/ccFfJhNe.s:7      *ABS*:00000001 __zero_reg__
     /tmp/ccFfJhNe.s:11     .text:00000000 delay
     /tmp/ccFfJhNe.s:38     .text:00000016 _delayFourCycles
     /tmp/ccFfJhNe.s:63     .text:00000024 time_matches

UNDEFINED SYMBOLS
canix_rtc_clock
