<area shape="rect" href="$atmega32__board__driver_8cc.html" title="atmega32_board_driver.cc" alt="" coords="5,84,197,111">
<area shape="rect" href="$controller1612__driver_8h.html" title="controller1612_driver.h" alt="" coords="76,161,244,188">
<area shape="rect" href="$driver__factory_8cc.html" title="driver_factory.cc" alt="" coords="372,239,497,265">
<area shape="rect" href="$userpanel__driver_8h.html" title="userpanel_driver.h" alt="" coords="709,84,848,111">
<area shape="rect" href="$usv__driver_8h.html" title="usv_driver.h" alt="" coords="447,84,543,111">
<area shape="rect" href="$oap__driver_8h.html" title="oap_driver.h" alt="" coords="272,84,371,111">
<area shape="rect" href="$controller1612__driver_8cc.html" title="controller1612_driver.cc" alt="" coords="73,239,247,265">
<area shape="rect" href="$eds__commands_8cc.html" title="eds_commands.cc" alt="" coords="625,161,767,188">
<area shape="rect" href="$userpanel__driver_8cc.html" title="userpanel_driver.cc" alt="" coords="791,161,935,188">
<area shape="rect" href="$usv__driver_8cc.html" title="usv_driver.cc" alt="" coords="497,161,601,188">
<area shape="rect" href="$oap__driver_8cc.html" title="oap_driver.cc" alt="" coords="268,161,372,188">
