<area shape="rect" href="$atmega32__board__driver_8cc.html" title="atmega32_board_driver.cc" alt="" coords="5,84,197,111">
<area shape="rect" href="$atmega8__board__driver_8cc.html" title="atmega8_board_driver.cc" alt="" coords="221,84,405,111">
<area shape="rect" href="$board__connection_8cc.html" title="board_connection.cc" alt="" coords="429,84,581,111">
<area shape="rect" href="$board__driver_8cc.html" title="board_driver.cc" alt="" coords="605,84,723,111">
<area shape="rect" href="$controller1612__driver_8cc.html" title="controller1612_driver.cc" alt="" coords="925,316,1099,343">
<area shape="rect" href="$eds__commands_8cc.html" title="eds_commands.cc" alt="" coords="423,239,564,265">
<area shape="rect" href="$eds__connection_8h.html" title="eds_connection.h" alt="" coords="797,84,931,111">
<area shape="rect" href="$oap__driver_8cc.html" title="oap_driver.cc" alt="" coords="1224,239,1328,265">
<area shape="rect" href="$usv__driver_8cc.html" title="usv_driver.cc" alt="" coords="1065,239,1169,265">
<area shape="rect" href="$eds__connection_8cc.html" title="eds_connection.cc" alt="" coords="956,161,1095,188">
<area shape="rect" href="$oap__access_8h.html" title="oap_access.h" alt="" coords="1211,84,1317,111">
<area shape="rect" href="$oap__access_8cc.html" title="oap_access.cc" alt="" coords="1343,161,1457,188">
<area shape="rect" href="$controller1612__driver_8h.html" title="controller1612_driver.h" alt="" coords="807,239,975,265">
<area shape="rect" href="$eds__commands_8h.html" title="eds_commands.h" alt="" coords="796,161,932,188">
<area shape="rect" href="$userpanel__driver_8cc.html" title="userpanel_driver.cc" alt="" coords="639,239,783,265">
<area shape="rect" href="$userpanel__driver_8h.html" title="userpanel_driver.h" alt="" coords="532,161,671,188">
<area shape="rect" href="$oap__driver_8h.html" title="oap_driver.h" alt="" coords="1169,161,1268,188">
<area shape="rect" href="$driver__factory_8cc.html" title="driver_factory.cc" alt="" coords="657,316,783,343">
