<area shape="rect" href="$atmega32__board__driver_8h.html" title="atmega32_board_driver.h" alt="" coords="629,161,813,188">
<area shape="rect" href="$atmega32__board__driver_8cc.html" title="atmega32_board_driver.cc" alt="" coords="277,239,469,265">
<area shape="rect" href="$driver__factory_8cc.html" title="driver_factory.cc" alt="" coords="444,393,569,420">
<area shape="rect" href="$board__connection_8h.html" title="board_connection.h" alt="" coords="959,84,1105,111">
<area shape="rect" href="$atmega8__board__driver_8cc.html" title="atmega8_board_driver.cc" alt="" coords="93,161,277,188">
<area shape="rect" href="$board__driver_8cc.html" title="board_driver.cc" alt="" coords="1867,161,1984,188">
<area shape="rect" href="$eds__commands_8h.html" title="eds_commands.h" alt="" coords="1605,239,1741,265">
<area shape="rect" href="$atmega8__board__driver_8h.html" title="atmega8_board_driver.h" alt="" coords="51,84,227,111">
<area shape="rect" href="$driver__factory_8h.html" title="driver_factory.h" alt="" coords="385,84,505,111">
<area shape="rect" href="$controller1612__driver_8h.html" title="controller1612_driver.h" alt="" coords="657,316,825,343">
<area shape="rect" href="$userpanel__driver_8h.html" title="userpanel_driver.h" alt="" coords="1128,239,1267,265">
<area shape="rect" href="$usv__driver_8h.html" title="usv_driver.h" alt="" coords="595,239,691,265">
<area shape="rect" href="$oap__driver_8h.html" title="oap_driver.h" alt="" coords="715,239,813,265">
<area shape="rect" href="$controller1612__driver_8cc.html" title="controller1612_driver.cc" alt="" coords="1631,393,1804,420">
<area shape="rect" href="$eds__commands_8cc.html" title="eds_commands.cc" alt="" coords="1180,316,1321,343">
<area shape="rect" href="$userpanel__driver_8cc.html" title="userpanel_driver.cc" alt="" coords="1345,316,1489,343">
<area shape="rect" href="$usv__driver_8cc.html" title="usv_driver.cc" alt="" coords="1576,316,1680,343">
<area shape="rect" href="$oap__driver_8cc.html" title="oap_driver.cc" alt="" coords="849,316,953,343">
<area shape="rect" href="$board__connection_8cc.html" title="board_connection.cc" alt="" coords="403,161,555,188">
<area shape="rect" href="$eds__connection_8h.html" title="eds_connection.h" alt="" coords="1184,161,1317,188">
<area shape="rect" href="$eds__connection_8cc.html" title="eds_connection.cc" alt="" coords="1392,239,1531,265">
<area shape="rect" href="$oap__access_8h.html" title="oap_access.h" alt="" coords="888,161,995,188">
<area shape="rect" href="$oap__access_8cc.html" title="oap_access.cc" alt="" coords="939,239,1053,265">
