<area shape="rect" href="$classhcan_1_1board__connection.html#5e4ee03bc38774aea89fc7744b03bb86" title="hcan::board_connection::dst" alt="" coords="351,69,553,96">
<area shape="rect" href="$classhcan_1_1hcan__transport.html#5bb62e3ddd09f304dab48f1d2a13b935" title="hcan::hcan_transport::recv_GET_NEXT_BLOCK_REPLAY" alt="" coords="268,120,636,147">
<area shape="rect" href="$classhcan_1_1hcan__transport.html#74d5a2e38c40c6513b4aa8489584b677" title="hcan::hcan_transport::send_GET_NEXT_BLOCK" alt="" coords="292,196,612,223">
<area shape="rect" href="$classhcan_1_1board__connection.html#87c9431f4e6ceee9311fc488adb1f0f7" title="hcan::board_connection::src" alt="" coords="352,247,552,273">
<area shape="rect" href="$classhcan_1_1frame.html#7c69b37dad2ce5c6ef848f8535b29944" title="hcan::frame::data" alt="" coords="736,5,872,32">
<area shape="rect" href="$classhcan_1_1hcan__transport.html#bd1b8d59d93c69da4e0a0b9c32fbdb5d" title="hcan::hcan_transport::recv_frame" alt="" coords="685,56,923,83">
<area shape="rect" href="$classhcan_1_1frame.html#36de22f4d054f15afe99a70e7b1d3b38" title="hcan::frame::size" alt="" coords="739,107,869,133">
<area shape="rect" href="$classhcan_1_1frame.html#b9e91ba7845047a9679ea619625fa74e" title="hcan::frame::src" alt="" coords="741,157,867,184">
<area shape="rect" href="$classhcan_1_1hcan__transport.html#4a7bf6fde4f373e2e0126025d273e206" title="hcan::hcan_transport::socket" alt="" coords="700,208,908,235">
<area shape="rect" href="$classhcan_1_1frame.html#3b44a930c2866e5006a8baa2a961b9fe" title="hcan::frame::write_to" alt="" coords="727,259,881,285">
