<area shape="rect" href="$classhcan_1_1atmega32__board__driver.html" title="{hcan::atmega32_board_driver\n||+ atmega32_board_driver()\l+ ~atmega32_board_driver()\l+ exec_command()\l# show_help()\l}" alt="" coords="200,589,413,725">
<area shape="rect" href="$classhcan_1_1atmega8__board__driver.html" title="{hcan::atmega8_board_driver\n||+ atmega8_board_driver()\l+ ~atmega8_board_driver()\l+ exec_command()\l# show_help()\l}" alt="" coords="437,589,643,725">
<area shape="rect" href="$classhcan_1_1controller1612__driver.html" title="{hcan::controller1612_driver\n|# m_econ\l# m_oap_driver\l|+ controller1612_driver()\l+ ~controller1612_driver()\l+ exec_command()\l# show_help()\l# cmd_show_ram_usage()\l# cmd_discover_1wire()\l# cmd_config_reload()\l}" alt="" coords="5,773,200,979">
<area shape="rect" href="$classhcan_1_1userpanel__driver.html" title="{hcan::userpanel_driver\n|&#45; m_econ\l|+ userpanel_driver()\l+ ~userpanel_driver()\l+ exec_command()\l# show_help()\l}" alt="" coords="224,808,389,944">
<area shape="rect" href="$classhcan_1_1usv__driver.html" title="{hcan::usv_driver\n||+ usv_driver()\l+ ~usv_driver()\l+ exec_command()\l# show_help()\l&#45; print_U_stats()\l}" alt="" coords="413,800,560,952">
