<area shape="rect" href="$classhcan_1_1board__driver.html#2072564d0cc87e96af1891016eb69361" title="hcan::board_driver::cached_filename" alt="" coords="617,221,873,248">
<area shape="rect" href="$classhcan_1_1board__connection.html#5e4ee03bc38774aea89fc7744b03bb86" title="hcan::board_connection::dst" alt="" coords="1384,373,1587,400">
<area shape="rect" href="$classhcan_1_1board__driver.html#3b0cdff6199a3965e5e30b6ffc62f56b" title="hcan::board_driver::cmd_getstate" alt="" coords="969,576,1207,603">
<area shape="rect" href="$classhcan_1_1board__connection.html#87c9431f4e6ceee9311fc488adb1f0f7" title="hcan::board_connection::src" alt="" coords="1385,728,1585,755">
<area shape="rect" href="$classhcan_1_1board__driver.html#10318a64a0e599689c5e29645369ae96" title="hcan::board_driver::cmd_reset" alt="" coords="980,728,1196,755">
<area shape="rect" href="$classihexfile.html#20ca5440de670c8e4dc550f234bc5e90" title="ihexfile::copy_original_to" alt="" coords="321,323,497,349">
<area shape="rect" href="$classihexfile.html#9c35d964bedfd00c772adb00ffd0bab9" title="ihexfile::crc16" alt="" coords="356,373,463,400">
<area shape="rect" href="$classihexfile.html#bb3995c709c908a590a90429c36dea59" title="ihexfile::data" alt="" coords="359,424,460,451">
<area shape="rect" href="$classihexfile.html#fb08f99a4d4572d233e606de2ec61f5e" title="ihexfile::load" alt="" coords="360,525,459,552">
<area shape="rect" href="$classihexfile.html#90f14441556cbd969dbf93509295cbc7" title="ihexfile::size" alt="" coords="696,475,795,501">
<area shape="rect" href="$classhcan_1_1board__driver.html#231e586b2fc5e0947aa5db48bf82bebe" title="hcan::board_driver::load_crc16_from_board" alt="" coords="939,373,1237,400">
<area shape="rect" href="$classhcan_1_1hcan__transport.html#cb461e348f34327424af9ecb28a7bf52" title="hcan::hcan_transport::recv_DEVICE_BOOT_STOP_ACK" alt="" coords="1304,221,1667,248">
<area shape="rect" href="$classhcan_1_1hcan__transport.html#af2e0e25286d4d208affdbdd72b36be2" title="hcan::hcan_transport::recv_FLASH_BUFFER_FILL_ACK" alt="" coords="1305,272,1665,299">
<area shape="rect" href="$classhcan_1_1hcan__transport.html#17ba9342e3ef7bf464c0e1f712df1db0" title="hcan::hcan_transport::recv_FLASH_BUFFER_WRITE_ACK" alt="" coords="1299,525,1672,552">
<area shape="rect" href="$classhcan_1_1board__driver.html#61ed709e97aa2d8a0e78277621eb6d52" title="hcan::board_driver::save_crc16_to_board" alt="" coords="268,627,551,653">
<area shape="rect" href="$classhcan_1_1hcan__transport.html#2b586924333338ea4e920fc1bbcfd92e" title="hcan::hcan_transport::send_DEVICE_BOOT_STOP" alt="" coords="1319,981,1652,1008">
<area shape="rect" href="$classhcan_1_1hcan__transport.html#f247934136110a42671fc12114e4e98c" title="hcan::hcan_transport::send_DEVICE_LOAD_APP" alt="" coords="1323,829,1648,856">
<area shape="rect" href="$classhcan_1_1hcan__transport.html#abde9b7ccf9ee993654daed9cfdd6130" title="hcan::hcan_transport::send_FLASH_BUFFER_FILL" alt="" coords="1320,880,1651,907">
<area shape="rect" href="$classhcan_1_1hcan__transport.html#0c3f6b230fa9b87a71c1fd511fd05964" title="hcan::hcan_transport::send_FLASH_BUFFER_WRITE" alt="" coords="1313,931,1657,957">
<area shape="rect" href="$classhcan_1_1hcan__transport.html#78fb1a82f40ef597da1a88a2e6bad0c3" title="hcan::hcan_transport::recv_DEVICE_STATE_REPLAY" alt="" coords="1313,424,1657,451">
<area shape="rect" href="$classhcan_1_1hcan__transport.html#6dbdef3d17d46d41f5732d19f80fdbb7" title="hcan::hcan_transport::send_DEVICE_STATE_REQUEST" alt="" coords="1304,627,1667,653">
<area shape="rect" href="$classhcan_1_1frame.html#7c69b37dad2ce5c6ef848f8535b29944" title="hcan::frame::data" alt="" coords="1784,399,1920,425">
<area shape="rect" href="$classhcan_1_1hcan__transport.html#bd1b8d59d93c69da4e0a0b9c32fbdb5d" title="hcan::hcan_transport::recv_frame" alt="" coords="1733,449,1971,476">
<area shape="rect" href="$classhcan_1_1frame.html#36de22f4d054f15afe99a70e7b1d3b38" title="hcan::frame::size" alt="" coords="1787,297,1917,324">
<area shape="rect" href="$classhcan_1_1frame.html#b9e91ba7845047a9679ea619625fa74e" title="hcan::frame::src" alt="" coords="1789,348,1915,375">
<area shape="rect" href="$classhcan_1_1hcan__transport.html#4a7bf6fde4f373e2e0126025d273e206" title="hcan::hcan_transport::socket" alt="" coords="1748,779,1956,805">
<area shape="rect" href="$classhcan_1_1frame.html#3b44a930c2866e5006a8baa2a961b9fe" title="hcan::frame::write_to" alt="" coords="1775,829,1929,856">
<area shape="rect" href="$classhcan_1_1hcan__transport.html#70999ffdae95b2718551d18162654cd5" title="hcan::hcan_transport::send_DEVICE_RESET" alt="" coords="1337,779,1633,805">
<area shape="rect" href="$ihexfile_8cc.html#643d7d1e45bad20a20ddd3179ee5c9a0" title="str2hex" alt="" coords="711,525,780,552">
<area shape="rect" href="$classhcan_1_1hcan__transport.html#e610cf159bec6a38f34080385364999b" title="hcan::hcan_transport::recv_FLASH_CRC16_REPLAY" alt="" coords="1313,323,1657,349">
<area shape="rect" href="$classhcan_1_1hcan__transport.html#be7a78f130cddf3f7c2391ac2c0d24df" title="hcan::hcan_transport::send_FLASH_CRC16_QUERY" alt="" coords="1313,576,1657,603">
<area shape="rect" href="$classhcan_1_1board__driver.html#98432dc27020af2fd5084cecd006be47" title="hcan::board_driver::write_eeprom_word_le" alt="" coords="600,627,891,653">
<area shape="rect" href="$classhcan_1_1board__driver.html#00f1a530c7764fef98129a90df514d97" title="hcan::board_driver::write_eeprom_byte" alt="" coords="953,627,1223,653">
<area shape="rect" href="$classhcan_1_1hcan__transport.html#6c8e5201fcd3044cf7b07ee7485ccf63" title="hcan::hcan_transport::recv_INTERNAL_EEPROM_WRITE_ACK" alt="" coords="1287,475,1684,501">
<area shape="rect" href="$classhcan_1_1hcan__transport.html#e5e84723b6cf2c6eaacfc6ea1a0dc201" title="hcan::hcan_transport::send_INTERNAL_EEPROM_WRITE" alt="" coords="1301,677,1669,704">
