<area shape="rect" href="$classhcan_1_1driver__factory.html#ad685acfbbd2bc688abf761112c40bef" title="hcan::driver_factory::make_driver" alt="" coords="409,19,644,45">
<area shape="rect" href="$classhcan_1_1hcan__transport.html#6534aced9169871e8f6ee48407aa5e9c" title="hcan::hcan_transport::recv_DEVICE_TYPE_REPLAY" alt="" coords="359,120,695,147">
<area shape="rect" href="$classhcan_1_1hcan__transport.html#a341d87b58665fe959b392e83eca7c33" title="hcan::hcan_transport::recv_PING_REPLAY" alt="" coords="385,69,668,96">
<area shape="rect" href="$classhcan_1_1hcan__transport.html#c726d888becb5c9a4b1f7fce65d0d64b" title="hcan::hcan_transport::send_DEVICE_TYPE_REQUEST" alt="" coords="349,247,704,273">
<area shape="rect" href="$classhcan_1_1hcan__transport.html#13800387603b964725c1627bf28329d0" title="hcan::hcan_transport::send_PING_REQUEST" alt="" coords="376,196,677,223">
<area shape="rect" href="$classhcan_1_1frame.html#7c69b37dad2ce5c6ef848f8535b29944" title="hcan::frame::data" alt="" coords="803,5,939,32">
<area shape="rect" href="$classhcan_1_1hcan__transport.html#bd1b8d59d93c69da4e0a0b9c32fbdb5d" title="hcan::hcan_transport::recv_frame" alt="" coords="752,56,989,83">
<area shape="rect" href="$classhcan_1_1frame.html#36de22f4d054f15afe99a70e7b1d3b38" title="hcan::frame::size" alt="" coords="805,107,936,133">
<area shape="rect" href="$classhcan_1_1frame.html#b9e91ba7845047a9679ea619625fa74e" title="hcan::frame::src" alt="" coords="808,157,933,184">
<area shape="rect" href="$classhcan_1_1hcan__transport.html#4a7bf6fde4f373e2e0126025d273e206" title="hcan::hcan_transport::socket" alt="" coords="767,208,975,235">
<area shape="rect" href="$classhcan_1_1frame.html#3b44a930c2866e5006a8baa2a961b9fe" title="hcan::frame::write_to" alt="" coords="793,259,948,285">
