<area shape="rect" href="$classhcan_1_1board__error.html" title="{hcan::board_error\n||+ board_error()\l}" alt="" coords="5,233,141,316">
<area shape="rect" href="$classhcan_1_1controller1612__error.html" title="{hcan::controller1612_error\n||+ controller1612_error()\l}" alt="" coords="165,233,355,316">
<area shape="rect" href="$classhcan_1_1driver__error.html" title="{hcan::driver_error\n||+ driver_error()\l}" alt="" coords="379,233,512,316">
<area shape="rect" href="$classhcan_1_1dynaddress__error.html" title="{hcan::dynaddress_error\n||+ dynaddress_error()\l}" alt="" coords="536,233,707,316">
<area shape="rect" href="$classhcan_1_1eds__error.html" title="{hcan::eds_error\n||+ eds_error()\l}" alt="" coords="731,233,851,316">
<area shape="rect" href="$classhcan_1_1io__error.html" title="{hcan::io_error\n||+ io_error()\l}" alt="" coords="875,233,984,316">
<area shape="rect" href="$classhcan_1_1oap__error.html" title="{hcan::oap_error\n||+ oap_error()\l}" alt="" coords="1008,233,1131,316">
<area shape="rect" href="$classhcan_1_1transport__error.html" title="{hcan::transport_error\n||+ transport_error()\l}" alt="" coords="1155,233,1312,316">
<area shape="rect" href="$classhcan_1_1userpanel__error.html" title="{hcan::userpanel_error\n||+ userpanel_error()\l}" alt="" coords="1336,233,1496,316">
<area shape="rect" href="$classhcan_1_1usv__error.html" title="{hcan::usv_error\n||+ usv_error()\l}" alt="" coords="1520,233,1640,316">
<area shape="rect" href="$classihexfile__error.html" title="{ihexfile_error\n||+ ihexfile_error()\l+ ~ihexfile_error()\l}" alt="" coords="1664,224,1803,325">
