<area shape="rect" href="$classhcan_1_1board__driver.html#99ce9ed441b270e1e0ef294578552803" title="hcan::board_driver::cmd_bootloader" alt="" coords="649,1199,900,1225">
<area shape="rect" href="$classhcan_1_1board__driver.html#10318a64a0e599689c5e29645369ae96" title="hcan::board_driver::cmd_reset" alt="" coords="1028,1199,1244,1225">
<area shape="rect" href="$classhcan_1_1board__connection.html#5e4ee03bc38774aea89fc7744b03bb86" title="hcan::board_connection::dst" alt="" coords="1468,996,1671,1023">
<area shape="rect" href="$classhcan_1_1board__connection.html#87c9431f4e6ceee9311fc488adb1f0f7" title="hcan::board_connection::src" alt="" coords="1469,945,1669,972">
<area shape="rect" href="$classhcan_1_1frame.html#7c69b37dad2ce5c6ef848f8535b29944" title="hcan::frame::data" alt="" coords="1885,287,2021,313">
<area shape="rect" href="$classhcan_1_1frame.html#36de22f4d054f15afe99a70e7b1d3b38" title="hcan::frame::size" alt="" coords="1888,236,2019,263">
<area shape="rect" href="$classhcan_1_1board__driver.html#7b52d23a836c9a3e0e3da936f8aa5ada" title="hcan::board_driver::cmd_dump_ee" alt="" coords="321,945,564,972">
<area shape="rect" href="$classhcan_1_1board__driver.html#6685e6263d14eff894c311b91f39ee74" title="hcan::board_driver::read_eeprom_byte" alt="" coords="1001,895,1271,921">
<area shape="rect" href="$classhcan_1_1board__driver.html#563f3fb84df6cc10b39e65505d3420f7" title="hcan::board_driver::cmd_getaddress" alt="" coords="315,895,571,921">
<area shape="rect" href="$classhcan_1_1board__driver.html#3b0cdff6199a3965e5e30b6ffc62f56b" title="hcan::board_driver::cmd_getstate" alt="" coords="1017,692,1255,719">
<area shape="rect" href="$classhcan_1_1board__driver.html#d85a56a6c4a0e2daee7f170f44881377" title="hcan::board_driver::cmd_getuptime" alt="" coords="1012,996,1260,1023">
<area shape="rect" href="$classhcan_1_1board__driver.html#b83e920bb45affa9d3313fb80c24cb03" title="hcan::board_driver::cmd_loadapp" alt="" coords="1019,1047,1253,1073">
<area shape="rect" href="$classhcan_1_1board__driver.html#acfbc823a529f0c0ba4a0a9a2da5eca0" title="hcan::board_driver::cmd_setaddress" alt="" coords="316,844,569,871">
<area shape="rect" href="$classhcan_1_1board__driver.html#00f1a530c7764fef98129a90df514d97" title="hcan::board_driver::write_eeprom_byte" alt="" coords="1001,844,1271,871">
<area shape="rect" href="$classhcan_1_1board__driver.html#c3db1a228d0b4198db2b84f70880f10b" title="hcan::board_driver::cmd_setsysloglevel" alt="" coords="1000,1097,1272,1124">
<area shape="rect" href="$classhcan_1_1board__driver.html#15c50a808307b7bce15166961c79a3d5" title="hcan::board_driver::cmd_show_system" alt="" coords="1001,641,1271,668">
<area shape="rect" href="$classhcan_1_1board__driver.html#0f45b107f9b719aa249afdf174b8c2a9" title="hcan::board_driver::cmd_show_time" alt="" coords="1011,591,1261,617">
<area shape="rect" href="$board__driver_8cc.html#3f830be561a88099181c5e03d932c4d2" title="parse_raw_send_list" alt="" coords="368,1351,517,1377">
<area shape="rect" href="$classhcan_1_1transport__connection.html#e06f4f588781f172d5867103484feef5" title="hcan::transport_connection::recv_frame" alt="" coords="305,1401,580,1428">
<area shape="rect" href="$classhcan_1_1transport__connection.html#632e7601ecdb5c7315653f8940e52970" title="hcan::transport_connection::send" alt="" coords="657,1452,892,1479">
<area shape="rect" href="$classhcan_1_1board__driver.html#776fdf66f44ce5bec1e8cb418b3d3ce7" title="hcan::board_driver::show_help" alt="" coords="336,1503,549,1529">
<area shape="rect" href="$classhcan_1_1hcan__transport.html#cb461e348f34327424af9ecb28a7bf52" title="hcan::hcan_transport::recv_DEVICE_BOOT_STOP_ACK" alt="" coords="1388,135,1751,161">
<area shape="rect" href="$classhcan_1_1hcan__transport.html#2b586924333338ea4e920fc1bbcfd92e" title="hcan::hcan_transport::send_DEVICE_BOOT_STOP" alt="" coords="969,1249,1303,1276">
<area shape="rect" href="$classhcan_1_1hcan__transport.html#70999ffdae95b2718551d18162654cd5" title="hcan::hcan_transport::send_DEVICE_RESET" alt="" coords="1421,1199,1717,1225">
<area shape="rect" href="$classhcan_1_1frame.html#3b44a930c2866e5006a8baa2a961b9fe" title="hcan::frame::write_to" alt="" coords="1876,895,2031,921">
<area shape="rect" href="$classhcan_1_1hcan__transport.html#bd1b8d59d93c69da4e0a0b9c32fbdb5d" title="hcan::hcan_transport::recv_frame" alt="" coords="1835,388,2072,415">
<area shape="rect" href="$classhcan_1_1frame.html#b9e91ba7845047a9679ea619625fa74e" title="hcan::frame::src" alt="" coords="1891,337,2016,364">
<area shape="rect" href="$classhcan_1_1hcan__transport.html#813ac8e23a00a06435f4073b2a908cc3" title="hcan::hcan_transport::recv_INTERNAL_EEPROM_READ_REPLAY" alt="" coords="1361,489,1777,516">
<area shape="rect" href="$classhcan_1_1hcan__transport.html#dd904d519e99d4ce89a4fa1f090264a7" title="hcan::hcan_transport::send_INTERNAL_EEPROM_READ_REQUEST" alt="" coords="1352,895,1787,921">
<area shape="rect" href="$classhcan_1_1board__driver.html#97bf9d98e395083878bf511f2d1cf864" title="hcan::board_driver::read_eeprom_word_le" alt="" coords="631,895,919,921">
<area shape="rect" href="$classhcan_1_1hcan__transport.html#78fb1a82f40ef597da1a88a2e6bad0c3" title="hcan::hcan_transport::recv_DEVICE_STATE_REPLAY" alt="" coords="1397,388,1741,415">
<area shape="rect" href="$classhcan_1_1hcan__transport.html#6dbdef3d17d46d41f5732d19f80fdbb7" title="hcan::hcan_transport::send_DEVICE_STATE_REQUEST" alt="" coords="1388,793,1751,820">
<area shape="rect" href="$classhcan_1_1hcan__transport.html#999d1da90060691942802f8dfde1bd30" title="hcan::hcan_transport::recv_UPTIME_REPLAY" alt="" coords="1420,540,1719,567">
<area shape="rect" href="$classhcan_1_1hcan__transport.html#78921fd76e5fa8537b038225d8381bab" title="hcan::hcan_transport::send_UPTIME_QUERY" alt="" coords="1420,1047,1719,1073">
<area shape="rect" href="$classhcan_1_1hcan__transport.html#f247934136110a42671fc12114e4e98c" title="hcan::hcan_transport::send_DEVICE_LOAD_APP" alt="" coords="1407,1097,1732,1124">
<area shape="rect" href="$classhcan_1_1board__driver.html#98432dc27020af2fd5084cecd006be47" title="hcan::board_driver::write_eeprom_word_le" alt="" coords="629,844,920,871">
<area shape="rect" href="$classhcan_1_1hcan__transport.html#6c8e5201fcd3044cf7b07ee7485ccf63" title="hcan::hcan_transport::recv_INTERNAL_EEPROM_WRITE_ACK" alt="" coords="1371,439,1768,465">
<area shape="rect" href="$classhcan_1_1hcan__transport.html#e5e84723b6cf2c6eaacfc6ea1a0dc201" title="hcan::hcan_transport::send_INTERNAL_EEPROM_WRITE" alt="" coords="1385,844,1753,871">
<area shape="rect" href="$classhcan_1_1hcan__transport.html#01c59630522dfb5a4feff22bd50a681b" title="hcan::hcan_transport::send_SYSLOG_LEVEL_SET" alt="" coords="1404,1148,1735,1175">
<area shape="rect" href="$classhcan_1_1hcan__transport.html#bf6553585190209195aa4b9e7316f25f" title="hcan::hcan_transport::recv_BUILD_VERSION_REPLAY" alt="" coords="1392,337,1747,364">
<area shape="rect" href="$classhcan_1_1hcan__transport.html#6534aced9169871e8f6ee48407aa5e9c" title="hcan::hcan_transport::recv_DEVICE_TYPE_REPLAY" alt="" coords="1401,287,1737,313">
<area shape="rect" href="$classhcan_1_1hcan__transport.html#42e877649cebe60a79db69384c93ff7b" title="hcan::hcan_transport::send_BUILD_VERSION_QUERY" alt="" coords="1392,692,1747,719">
<area shape="rect" href="$classhcan_1_1hcan__transport.html#c726d888becb5c9a4b1f7fce65d0d64b" title="hcan::hcan_transport::send_DEVICE_TYPE_REQUEST" alt="" coords="1392,743,1747,769">
<area shape="rect" href="$classhcan_1_1hcan__transport.html#8ed0045267ccb0f0fa908f9492988739" title="hcan::hcan_transport::recv_DATE_INFO" alt="" coords="1435,185,1704,212">
<area shape="rect" href="$classhcan_1_1hcan__transport.html#5db68c9b1dc2b641b79e99e164070d15" title="hcan::hcan_transport::recv_TIME_INFO" alt="" coords="1437,236,1701,263">
<area shape="rect" href="$classhcan_1_1hcan__transport.html#9f9b79b1a5e0bbf490b5bf094f00c3ed" title="hcan::hcan_transport::send_DATE_REQUEST" alt="" coords="1417,641,1721,668">
<area shape="rect" href="$classhcan_1_1hcan__transport.html#5dca6ecdc3b5d8dc038cf6fba9af076b" title="hcan::hcan_transport::send_TIME_REQUEST" alt="" coords="1420,591,1719,617">
<area shape="rect" href="$classhcan_1_1frame.html#2082e8773b425218b79e011d52b60bd8" title="hcan::frame::dst" alt="" coords="712,1351,837,1377">
<area shape="rect" href="$classhcan_1_1frame.html#79f356a2caf639add3fca28e28955466" title="hcan::frame::read_from" alt="" coords="689,1401,860,1428">
