<area shape="rect" href="$namespacehcan.html#0303c12b76f9664c59973c296dd547b7" title="hcan::eds_exec_cmd" alt="" coords="416,659,571,685">
<area shape="rect" href="$classhcan_1_1atmega32__board__driver.html#18a1c1d56751098f46fd2017b6aba098" title="hcan::atmega32_board_driver::exec_command" alt="" coords="332,1469,655,1496">
<area shape="rect" href="$classhcan_1_1eds__connection.html#e301ff324b1f11e3a3505dbc50dc3d1d" title="hcan::eds_connection::defragment" alt="" coords="708,684,951,711">
<area shape="rect" href="$classhcan_1_1board__connection.html#5e4ee03bc38774aea89fc7744b03bb86" title="hcan::board_connection::dst" alt="" coords="1511,1343,1713,1369">
<area shape="rect" href="$classhcan_1_1board__connection.html#87c9431f4e6ceee9311fc488adb1f0f7" title="hcan::board_connection::src" alt="" coords="1512,1089,1712,1116">
<area shape="rect" href="$classhcan_1_1eds__connection.html#580a52e7314f82648630d66cec87b048" title="hcan::eds_connection::update" alt="" coords="1084,583,1297,609">
<area shape="rect" href="$namespacehcan.html#3db58084b75373aa436458df1f5b131e" title="hcan::eds_cmd_create" alt="" coords="747,380,912,407">
<area shape="rect" href="$namespacehcan.html#802f4d4d4405482737ac819811e22c64" title="hcan::eds_cmd_delete" alt="" coords="747,532,912,559">
<area shape="rect" href="$namespacehcan.html#39c5a5670c3fe49e49b00fda5de0c7bd" title="hcan::eds_cmd_edit" alt="" coords="755,177,904,204">
<area shape="rect" href="$namespacehcan.html#de293f02631b9ff24d26310597fec497" title="hcan::eds_cmd_list" alt="" coords="757,1115,901,1141">
<area shape="rect" href="$namespacehcan.html#fc697055a1e11fd9565f99a04425f324" title="hcan::eds_cmd_set_field" alt="" coords="740,861,919,888">
<area shape="rect" href="$namespacehcan.html#8b154bf647360c7097d64079e314d3f3" title="hcan::eds_cmd_show_conf" alt="" coords="733,988,925,1015">
<area shape="rect" href="$structhcan_1_1context.html#d5f3402c26ce04682ce567202e0fc30d" title="hcan::context::reset" alt="" coords="755,329,904,356">
<area shape="rect" href="$classhcan_1_1hcan__transport.html#26eb13a3637ae871edb858a65fb10dea" title="hcan::hcan_transport::send_FORMAT" alt="" coords="1485,343,1739,369">
<area shape="rect" href="$classhcan_1_1board__connection.html#1bb0634172656683440c6859dbffee47" title="hcan::board_connection::tcon" alt="" coords="724,583,935,609">
<area shape="rect" href="$classhcan_1_1hcan__transport.html#f01561e3c069da9090e128920da5b5e2" title="hcan::hcan_transport::send_DEFRAGMENT" alt="" coords="1467,633,1757,660">
<area shape="rect" href="$classhcan_1_1hcan__transport.html#4a7bf6fde4f373e2e0126025d273e206" title="hcan::hcan_transport::socket" alt="" coords="1845,557,2053,584">
<area shape="rect" href="$classhcan_1_1frame.html#3b44a930c2866e5006a8baa2a961b9fe" title="hcan::frame::write_to" alt="" coords="1872,507,2027,533">
<area shape="rect" href="$classhcan_1_1hcan__transport.html#5bb62e3ddd09f304dab48f1d2a13b935" title="hcan::hcan_transport::recv_GET_NEXT_BLOCK_REPLAY" alt="" coords="1428,583,1796,609">
<area shape="rect" href="$classhcan_1_1hcan__transport.html#74d5a2e38c40c6513b4aa8489584b677" title="hcan::hcan_transport::send_GET_NEXT_BLOCK" alt="" coords="1452,532,1772,559">
<area shape="rect" href="$classhcan_1_1eds__block.html#eaf39e34c60c34af52d0c73b4eb2a85b" title="hcan::eds_block::address" alt="" coords="1521,456,1703,483">
<area shape="rect" href="$classhcan_1_1eds__connection.html#8f674468e5ea4235480f84c54fa674bc" title="hcan::eds_connection::create_block" alt="" coords="1067,481,1315,508">
<area shape="rect" href="$classhcan_1_1eds__block.html#7b849f2c7072a95dab2081070a0f026c" title="hcan::eds_block::type" alt="" coords="1111,279,1271,305">
<area shape="rect" href="$classhcan_1_1eds__block.html#58655ce4e5f09a6833384d720ed45c06" title="hcan::eds_block::type_name" alt="" coords="1089,177,1292,204">
<area shape="rect" href="$classhcan_1_1eds__connection.html#1fee6e054de447c072d2a29d9462987d" title="hcan::eds_connection::block_by_address" alt="" coords="1472,393,1752,420">
<area shape="rect" href="$classhcan_1_1eds__connection.html#e7f68b11d62a9ac9dc08da2ffb1ca8a2" title="hcan::eds_connection::delete_block" alt="" coords="1067,532,1315,559">
<area shape="rect" href="$classhcan_1_1eds__connection.html#68312d4d37395014849696321489b93a" title="hcan::eds_connection::blocks" alt="" coords="1087,1039,1295,1065">
<area shape="rect" href="$classhcan_1_1eds__block.html#06434d1ee09d11e711fba0689616383c" title="hcan::eds_block::field" alt="" coords="1112,1343,1269,1369">
<area shape="rect" href="$classhcan_1_1eds__block.html#36c9419cc70dc4b19b4ace0713591d76" title="hcan::eds_block::fields" alt="" coords="1109,1089,1272,1116">
<area shape="rect" href="$classhcan_1_1eds__block.html#d0e51b474ec22ffb7c56efe4cdf7ce1e" title="hcan::eds_block::size" alt="" coords="1113,1140,1268,1167">
<area shape="rect" href="$classhcan_1_1eds__block.html#b6e52382fc6c2be423fa78b9d2cae65e" title="hcan::eds_block::strfield" alt="" coords="1104,1393,1277,1420">
<area shape="rect" href="$classhcan_1_1eds__block.html#164bcb7df3fdb8625f0e663a4f4a7d22" title="hcan::eds_block::uint16_field" alt="" coords="1089,1191,1292,1217">
<area shape="rect" href="$classhcan_1_1eds__block.html#da1c236e1901db66820065283471bd23" title="hcan::eds_block::field_datatype" alt="" coords="1080,836,1301,863">
<area shape="rect" href="$classhcan_1_1eds__block.html#b7a9e79c7095fe46291d507132f2c87e" title="hcan::eds_block::set_field_str" alt="" coords="1087,887,1295,913">
<area shape="rect" href="$classhcan_1_1eds__block.html#2300eb17177ead03b2be2859d493209e" title="hcan::eds_block::set_field_uint16" alt="" coords="1075,937,1307,964">
<area shape="rect" href="$classhcan_1_1eds__block.html#0fa0660d4974f65834754ded3dde3018" title="hcan::eds_block::set_field_uint8" alt="" coords="1079,988,1303,1015">
<area shape="rect" href="$classhcan_1_1board__driver.html#8f25cead4560d601b7afb0d80c2ceeba" title="hcan::board_driver::cmd_flash" alt="" coords="723,1773,936,1800">
<area shape="rect" href="$classhcan_1_1board__driver.html#ff0b594b943d1106ebbe1dd46669c8ec" title="hcan::board_driver::exec_command" alt="" coords="704,1469,955,1496">
<area shape="rect" href="$classhcan_1_1board__driver.html#2072564d0cc87e96af1891016eb69361" title="hcan::board_driver::cached_filename" alt="" coords="1063,2001,1319,2028">
<area shape="rect" href="$classhcan_1_1board__driver.html#3b0cdff6199a3965e5e30b6ffc62f56b" title="hcan::board_driver::cmd_getstate" alt="" coords="1072,1444,1309,1471">
<area shape="rect" href="$classhcan_1_1board__driver.html#10318a64a0e599689c5e29645369ae96" title="hcan::board_driver::cmd_reset" alt="" coords="1083,1495,1299,1521">
<area shape="rect" href="$classihexfile.html#20ca5440de670c8e4dc550f234bc5e90" title="ihexfile::copy_original_to" alt="" coords="1103,1849,1279,1876">
<area shape="rect" href="$classihexfile.html#9c35d964bedfd00c772adb00ffd0bab9" title="ihexfile::crc16" alt="" coords="1137,1900,1244,1927">
<area shape="rect" href="$classihexfile.html#bb3995c709c908a590a90429c36dea59" title="ihexfile::data" alt="" coords="1140,1951,1241,1977">
<area shape="rect" href="$classihexfile.html#fb08f99a4d4572d233e606de2ec61f5e" title="ihexfile::load" alt="" coords="1141,2052,1240,2079">
<area shape="rect" href="$classhcan_1_1board__driver.html#231e586b2fc5e0947aa5db48bf82bebe" title="hcan::board_driver::load_crc16_from_board" alt="" coords="1041,1545,1340,1572">
<area shape="rect" href="$classhcan_1_1hcan__transport.html#cb461e348f34327424af9ecb28a7bf52" title="hcan::hcan_transport::recv_DEVICE_BOOT_STOP_ACK" alt="" coords="1009,1697,1372,1724">
<area shape="rect" href="$classhcan_1_1hcan__transport.html#af2e0e25286d4d208affdbdd72b36be2" title="hcan::hcan_transport::recv_FLASH_BUFFER_FILL_ACK" alt="" coords="1011,1748,1371,1775">
<area shape="rect" href="$classhcan_1_1hcan__transport.html#17ba9342e3ef7bf464c0e1f712df1db0" title="hcan::hcan_transport::recv_FLASH_BUFFER_WRITE_ACK" alt="" coords="1004,1799,1377,1825">
