<area shape="rect" href="$classhcan_1_1oap__field.html#1ff4dbb2efa77d75d6ec9eb7579191a4" title="hcan::oap_field::value" alt="" coords="272,195,432,221">
<area shape="rect" href="$classhcan_1_1board__connection.html#5e4ee03bc38774aea89fc7744b03bb86" title="hcan::board_connection::dst" alt="" coords="553,81,756,108">
<area shape="rect" href="$classhcan_1_1hcan__transport.html#627e386d27e3c39b67b995f65044e9ac" title="hcan::hcan_transport::recv_FIELD_READ_REPLAY" alt="" coords="491,132,819,159">
<area shape="rect" href="$classhcan_1_1hcan__transport.html#c25d5620b81ebe58da48f291d726fa8c" title="hcan::hcan_transport::send_FIELD_READ_REQUEST" alt="" coords="481,195,828,221">
<area shape="rect" href="$classhcan_1_1board__connection.html#87c9431f4e6ceee9311fc488adb1f0f7" title="hcan::board_connection::src" alt="" coords="555,245,755,272">
<area shape="rect" href="$classhcan_1_1board__connection.html#1bb0634172656683440c6859dbffee47" title="hcan::board_connection::tcon" alt="" coords="549,296,760,323">
<area shape="rect" href="$classhcan_1_1frame.html#7c69b37dad2ce5c6ef848f8535b29944" title="hcan::frame::data" alt="" coords="928,5,1064,32">
<area shape="rect" href="$classhcan_1_1hcan__transport.html#bd1b8d59d93c69da4e0a0b9c32fbdb5d" title="hcan::hcan_transport::recv_frame" alt="" coords="877,56,1115,83">
<area shape="rect" href="$classhcan_1_1frame.html#36de22f4d054f15afe99a70e7b1d3b38" title="hcan::frame::size" alt="" coords="931,107,1061,133">
<area shape="rect" href="$classhcan_1_1frame.html#b9e91ba7845047a9679ea619625fa74e" title="hcan::frame::src" alt="" coords="933,157,1059,184">
<area shape="rect" href="$classhcan_1_1hcan__transport.html#4a7bf6fde4f373e2e0126025d273e206" title="hcan::hcan_transport::socket" alt="" coords="892,208,1100,235">
<area shape="rect" href="$classhcan_1_1frame.html#3b44a930c2866e5006a8baa2a961b9fe" title="hcan::frame::write_to" alt="" coords="919,259,1073,285">
