<area shape="rect" href="$classhcan_1_1oap__field.html#4cfd37eb6ebe0651f0ddf702e28d5e4d" title="hcan::oap_field::arraysize" alt="" coords="863,197,1047,224">
<area shape="rect" href="$classhcan_1_1oap__field.html#1e16b5f29635b92fef1201c4f2a99a15" title="hcan::oap_field::class_as_string" alt="" coords="296,603,517,629">
<area shape="rect" href="$classhcan_1_1oap__object.html#f4506e1a04de61e0df0828e5a2e5ac1f" title="hcan::oap_object::class_name" alt="" coords="848,312,1061,339">
<area shape="rect" href="$classhcan_1_1oap__driver.html#aa912dfe529b09bed90bf9ff7135d3d2" title="hcan::oap_driver::cmd_walk" alt="" coords="308,248,505,275">
<area shape="rect" href="$classhcan_1_1oap__object.html#1370cda7e48ddcf3f4bdee8c8ef4d655" title="hcan::oap_object::field" alt="" coords="603,96,765,123">
<area shape="rect" href="$classhcan_1_1oap__object.html#42fb6717d965718b0a48d47670b667c1" title="hcan::oap_object::field_count" alt="" coords="580,147,788,173">
<area shape="rect" href="$classhcan_1_1oap__field.html#15168a145f1ee98272b2ac8812516905" title="hcan::oap_field::name" alt="" coords="873,375,1036,401">
<area shape="rect" href="$classhcan_1_1oap__access.html#311cb2907c56f23fcca25737338e5c9f" title="hcan::oap_access::object" alt="" coords="593,299,775,325">
<area shape="rect" href="$classhcan_1_1oap__access.html#cfd484c63952eb7b107417a08219f2f8" title="hcan::oap_access::object_count" alt="" coords="572,349,796,376">
<area shape="rect" href="$classhcan_1_1oap__field.html#21e280ca68a471c7d9110e1fff08987f" title="hcan::oap_field::value_as_string" alt="" coords="572,501,796,528">
<area shape="rect" href="$classhcan_1_1oap__object.html#b0a1d5dfc5b74ae90a4d7ed918a31aae" title="hcan::oap_object::field_by_name" alt="" coords="292,653,521,680">
<area shape="rect" href="$structhcan_1_1context.html#d5f3402c26ce04682ce567202e0fc30d" title="hcan::context::reset" alt="" coords="332,704,481,731">
<area shape="rect" href="$classhcan_1_1oap__field.html#6ffd498458e6ce64d2ef546c07e4a0ba" title="hcan::oap_field::set_value" alt="" coords="1121,552,1308,579">
<area shape="rect" href="$classtraceable__error.html#b234163420719b916db10ee69670a7ac" title="traceable_error::what" alt="" coords="328,755,485,781">
<area shape="rect" href="$classhcan_1_1oap__desc.html#8ec0c6c29a4c6c0b20a279d1600cfbad" title="hcan::oap_desc::class_name" alt="" coords="1112,312,1317,339">
<area shape="rect" href="$oap__driver_8cc.html#05880dc76b8375a89da87fb539715f16" title="field_to_path" alt="" coords="632,248,736,275">
<area shape="rect" href="$classhcan_1_1oap__object.html#23addfa97af315a02d6b5b9a9be59375" title="hcan::oap_object::oid" alt="" coords="876,248,1033,275">
<area shape="rect" href="$classhcan_1_1oap__desc.html#ee0e1e16888f8e23facc45dc79dfe62e" title="hcan::oap_desc::field_name" alt="" coords="1115,375,1315,401">
<area shape="rect" href="$classhcan_1_1oap__field.html#1ff4dbb2efa77d75d6ec9eb7579191a4" title="hcan::oap_field::value" alt="" coords="1135,501,1295,528">
<area shape="rect" href="$classhcan_1_1oap__field.html#505456ee723ebd939ef6ffd7c2e6a764" title="hcan::oap_field::value_as_time" alt="" coords="847,501,1063,528">
<area shape="rect" href="$classhcan_1_1board__connection.html#5e4ee03bc38774aea89fc7744b03bb86" title="hcan::board_connection::dst" alt="" coords="1439,552,1641,579">
<area shape="rect" href="$classhcan_1_1hcan__transport.html#627e386d27e3c39b67b995f65044e9ac" title="hcan::hcan_transport::recv_FIELD_READ_REPLAY" alt="" coords="1376,349,1704,376">
<area shape="rect" href="$classhcan_1_1hcan__transport.html#c25d5620b81ebe58da48f291d726fa8c" title="hcan::hcan_transport::send_FIELD_READ_REQUEST" alt="" coords="1367,451,1713,477">
<area shape="rect" href="$classhcan_1_1board__connection.html#87c9431f4e6ceee9311fc488adb1f0f7" title="hcan::board_connection::src" alt="" coords="1440,603,1640,629">
<area shape="rect" href="$classhcan_1_1board__connection.html#1bb0634172656683440c6859dbffee47" title="hcan::board_connection::tcon" alt="" coords="1435,501,1645,528">
<area shape="rect" href="$classhcan_1_1frame.html#7c69b37dad2ce5c6ef848f8535b29944" title="hcan::frame::data" alt="" coords="1813,451,1949,477">
<area shape="rect" href="$classhcan_1_1hcan__transport.html#bd1b8d59d93c69da4e0a0b9c32fbdb5d" title="hcan::hcan_transport::recv_frame" alt="" coords="1763,299,2000,325">
<area shape="rect" href="$classhcan_1_1frame.html#36de22f4d054f15afe99a70e7b1d3b38" title="hcan::frame::size" alt="" coords="1816,349,1947,376">
<area shape="rect" href="$classhcan_1_1frame.html#b9e91ba7845047a9679ea619625fa74e" title="hcan::frame::src" alt="" coords="1819,400,1944,427">
<area shape="rect" href="$classhcan_1_1hcan__transport.html#4a7bf6fde4f373e2e0126025d273e206" title="hcan::hcan_transport::socket" alt="" coords="1777,628,1985,655">
<area shape="rect" href="$classhcan_1_1frame.html#3b44a930c2866e5006a8baa2a961b9fe" title="hcan::frame::write_to" alt="" coords="1804,527,1959,553">
<area shape="rect" href="$classhcan_1_1hcan__transport.html#cfccd5575ab96eefe562921a93bc90e0" title="hcan::hcan_transport::recv_FIELD_WRITE_REPLAY" alt="" coords="1375,400,1705,427">
<area shape="rect" href="$classhcan_1_1hcan__transport.html#dde24ca51fbb27a9d5ac0bae5915568b" title="hcan::hcan_transport::send_FIELD_WRITE_REQUEST" alt="" coords="1365,653,1715,680">
