<area shape="rect" href="$classhcan_1_1board__connection.html#5e4ee03bc38774aea89fc7744b03bb86" title="hcan::board_connection::dst" alt="" coords="356,31,559,57">
<area shape="rect" href="$classhcan_1_1hcan__transport.html#15076e2c0975030d493dccda42f4a3e7" title="hcan::hcan_transport::recv_FIELD_COUNT_REPLAY" alt="" coords="288,132,627,159">
<area shape="rect" href="$classhcan_1_1hcan__transport.html#2ea4fbf12c712616c1ae9ce84a1773c6" title="hcan::hcan_transport::recv_OBJECT_ATTRIBUTE_REPLAY" alt="" coords="272,81,643,108">
<area shape="rect" href="$classhcan_1_1hcan__transport.html#53ed7afb03009aa04846a5b2b97d300c" title="hcan::hcan_transport::send_FIELD_COUNT_REQUEST" alt="" coords="279,233,636,260">
<area shape="rect" href="$classhcan_1_1hcan__transport.html#0b451ba1f1eacfa66ce823ab60ed0fb7" title="hcan::hcan_transport::send_OBJECT_ATTRIBUTE_REQUEST" alt="" coords="263,183,652,209">
<area shape="rect" href="$classhcan_1_1board__connection.html#87c9431f4e6ceee9311fc488adb1f0f7" title="hcan::board_connection::src" alt="" coords="357,284,557,311">
<area shape="rect" href="$classhcan_1_1board__connection.html#1bb0634172656683440c6859dbffee47" title="hcan::board_connection::tcon" alt="" coords="352,335,563,361">
<area shape="rect" href="$classhcan_1_1frame.html#7c69b37dad2ce5c6ef848f8535b29944" title="hcan::frame::data" alt="" coords="752,5,888,32">
<area shape="rect" href="$classhcan_1_1hcan__transport.html#bd1b8d59d93c69da4e0a0b9c32fbdb5d" title="hcan::hcan_transport::recv_frame" alt="" coords="701,56,939,83">
<area shape="rect" href="$classhcan_1_1frame.html#36de22f4d054f15afe99a70e7b1d3b38" title="hcan::frame::size" alt="" coords="755,107,885,133">
<area shape="rect" href="$classhcan_1_1frame.html#b9e91ba7845047a9679ea619625fa74e" title="hcan::frame::src" alt="" coords="757,157,883,184">
<area shape="rect" href="$classhcan_1_1hcan__transport.html#4a7bf6fde4f373e2e0126025d273e206" title="hcan::hcan_transport::socket" alt="" coords="716,208,924,235">
<area shape="rect" href="$classhcan_1_1frame.html#3b44a930c2866e5006a8baa2a961b9fe" title="hcan::frame::write_to" alt="" coords="743,259,897,285">
