<area shape="rect" href="$classhcan_1_1board__driver.html#8f25cead4560d601b7afb0d80c2ceeba" title="hcan::board_driver::cmd_flash" alt="" coords="389,544,603,571">
<area shape="rect" href="$classhcan_1_1board__driver.html#ff0b594b943d1106ebbe1dd46669c8ec" title="hcan::board_driver::exec_command" alt="" coords="371,1532,621,1559">
<area shape="rect" href="$classhcan_1_1board__driver.html#2072564d0cc87e96af1891016eb69361" title="hcan::board_driver::cached_filename" alt="" coords="1076,924,1332,951">
<area shape="rect" href="$classhcan_1_1board__connection.html#5e4ee03bc38774aea89fc7744b03bb86" title="hcan::board_connection::dst" alt="" coords="1853,1228,2056,1255">
<area shape="rect" href="$classhcan_1_1board__driver.html#3b0cdff6199a3965e5e30b6ffc62f56b" title="hcan::board_driver::cmd_getstate" alt="" coords="700,1000,937,1027">
<area shape="rect" href="$classhcan_1_1board__connection.html#87c9431f4e6ceee9311fc488adb1f0f7" title="hcan::board_connection::src" alt="" coords="1855,1532,2055,1559">
<area shape="rect" href="$classhcan_1_1board__driver.html#10318a64a0e599689c5e29645369ae96" title="hcan::board_driver::cmd_reset" alt="" coords="1096,1177,1312,1204">
<area shape="rect" href="$classihexfile.html#20ca5440de670c8e4dc550f234bc5e90" title="ihexfile::copy_original_to" alt="" coords="731,417,907,444">
<area shape="rect" href="$classihexfile.html#9c35d964bedfd00c772adb00ffd0bab9" title="ihexfile::crc16" alt="" coords="765,468,872,495">
<area shape="rect" href="$classihexfile.html#bb3995c709c908a590a90429c36dea59" title="ihexfile::data" alt="" coords="768,519,869,545">
<area shape="rect" href="$classihexfile.html#fb08f99a4d4572d233e606de2ec61f5e" title="ihexfile::load" alt="" coords="769,215,868,241">
<area shape="rect" href="$classihexfile.html#90f14441556cbd969dbf93509295cbc7" title="ihexfile::size" alt="" coords="1155,164,1253,191">
<area shape="rect" href="$classhcan_1_1board__driver.html#231e586b2fc5e0947aa5db48bf82bebe" title="hcan::board_driver::load_crc16_from_board" alt="" coords="669,772,968,799">
<area shape="rect" href="$classhcan_1_1hcan__transport.html#cb461e348f34327424af9ecb28a7bf52" title="hcan::hcan_transport::recv_DEVICE_BOOT_STOP_ACK" alt="" coords="1023,367,1385,393">
<area shape="rect" href="$classhcan_1_1hcan__transport.html#af2e0e25286d4d208affdbdd72b36be2" title="hcan::hcan_transport::recv_FLASH_BUFFER_FILL_ACK" alt="" coords="1024,316,1384,343">
<area shape="rect" href="$classhcan_1_1hcan__transport.html#17ba9342e3ef7bf464c0e1f712df1db0" title="hcan::hcan_transport::recv_FLASH_BUFFER_WRITE_ACK" alt="" coords="1017,265,1391,292">
<area shape="rect" href="$classhcan_1_1board__driver.html#61ed709e97aa2d8a0e78277621eb6d52" title="hcan::board_driver::save_crc16_to_board" alt="" coords="677,1329,960,1356">
<area shape="rect" href="$classhcan_1_1hcan__transport.html#2b586924333338ea4e920fc1bbcfd92e" title="hcan::hcan_transport::send_DEVICE_BOOT_STOP" alt="" coords="1037,671,1371,697">
<area shape="rect" href="$classhcan_1_1hcan__transport.html#f247934136110a42671fc12114e4e98c" title="hcan::hcan_transport::send_DEVICE_LOAD_APP" alt="" coords="1459,569,1784,596">
<area shape="rect" href="$classhcan_1_1hcan__transport.html#abde9b7ccf9ee993654daed9cfdd6130" title="hcan::hcan_transport::send_FLASH_BUFFER_FILL" alt="" coords="1456,164,1787,191">
<area shape="rect" href="$classhcan_1_1hcan__transport.html#0c3f6b230fa9b87a71c1fd511fd05964" title="hcan::hcan_transport::send_FLASH_BUFFER_WRITE" alt="" coords="1449,215,1793,241">
<area shape="rect" href="$classhcan_1_1hcan__transport.html#78fb1a82f40ef597da1a88a2e6bad0c3" title="hcan::hcan_transport::recv_DEVICE_STATE_REPLAY" alt="" coords="1032,468,1376,495">
<area shape="rect" href="$classhcan_1_1hcan__transport.html#6dbdef3d17d46d41f5732d19f80fdbb7" title="hcan::hcan_transport::send_DEVICE_STATE_REQUEST" alt="" coords="1440,671,1803,697">
<area shape="rect" href="$classhcan_1_1frame.html#7c69b37dad2ce5c6ef848f8535b29944" title="hcan::frame::data" alt="" coords="1553,417,1689,444">
<area shape="rect" href="$classhcan_1_1hcan__transport.html#bd1b8d59d93c69da4e0a0b9c32fbdb5d" title="hcan::hcan_transport::recv_frame" alt="" coords="1503,265,1740,292">
<area shape="rect" href="$classhcan_1_1frame.html#36de22f4d054f15afe99a70e7b1d3b38" title="hcan::frame::size" alt="" coords="1556,367,1687,393">
<area shape="rect" href="$classhcan_1_1frame.html#b9e91ba7845047a9679ea619625fa74e" title="hcan::frame::src" alt="" coords="1559,316,1684,343">
<area shape="rect" href="$classhcan_1_1hcan__transport.html#4a7bf6fde4f373e2e0126025d273e206" title="hcan::hcan_transport::socket" alt="" coords="1851,519,2059,545">
<area shape="rect" href="$classhcan_1_1frame.html#3b44a930c2866e5006a8baa2a961b9fe" title="hcan::frame::write_to" alt="" coords="1877,595,2032,621">
<area shape="rect" href="$classhcan_1_1hcan__transport.html#70999ffdae95b2718551d18162654cd5" title="hcan::hcan_transport::send_DEVICE_RESET" alt="" coords="1473,721,1769,748">
<area shape="rect" href="$ihexfile_8cc.html#643d7d1e45bad20a20ddd3179ee5c9a0" title="str2hex" alt="" coords="1169,215,1239,241">
<area shape="rect" href="$classhcan_1_1hcan__transport.html#e610cf159bec6a38f34080385364999b" title="hcan::hcan_transport::recv_FLASH_CRC16_REPLAY" alt="" coords="1032,417,1376,444">
<area shape="rect" href="$classhcan_1_1hcan__transport.html#be7a78f130cddf3f7c2391ac2c0d24df" title="hcan::hcan_transport::send_FLASH_CRC16_QUERY" alt="" coords="1449,519,1793,545">
<area shape="rect" href="$classhcan_1_1board__driver.html#98432dc27020af2fd5084cecd006be47" title="hcan::board_driver::write_eeprom_word_le" alt="" coords="1059,1481,1349,1508">
<area shape="rect" href="$classhcan_1_1board__driver.html#00f1a530c7764fef98129a90df514d97" title="hcan::board_driver::write_eeprom_byte" alt="" coords="1487,1532,1756,1559">
<area shape="rect" href="$classhcan_1_1board__driver.html#99ce9ed441b270e1e0ef294578552803" title="hcan::board_driver::cmd_bootloader" alt="" coords="693,1228,944,1255">
<area shape="rect" href="$classhcan_1_1board__driver.html#7b52d23a836c9a3e0e3da936f8aa5ada" title="hcan::board_driver::cmd_dump_ee" alt="" coords="697,1937,940,1964">
<area shape="rect" href="$classhcan_1_1board__driver.html#6685e6263d14eff894c311b91f39ee74" title="hcan::board_driver::read_eeprom_byte" alt="" coords="1069,1937,1339,1964">
<area shape="rect" href="$classhcan_1_1board__driver.html#563f3fb84df6cc10b39e65505d3420f7" title="hcan::board_driver::cmd_getaddress" alt="" coords="691,1583,947,1609">
<area shape="rect" href="$classhcan_1_1board__driver.html#d85a56a6c4a0e2daee7f170f44881377" title="hcan::board_driver::cmd_getuptime" alt="" coords="1497,1684,1745,1711">
<area shape="rect" href="$classhcan_1_1board__driver.html#b83e920bb45affa9d3313fb80c24cb03" title="hcan::board_driver::cmd_loadapp" alt="" coords="1087,1329,1321,1356">
<area shape="rect" href="$classhcan_1_1board__driver.html#acfbc823a529f0c0ba4a0a9a2da5eca0" title="hcan::board_driver::cmd_setaddress" alt="" coords="692,1481,945,1508">
<area shape="rect" href="$classhcan_1_1board__driver.html#c3db1a228d0b4198db2b84f70880f10b" title="hcan::board_driver::cmd_setsysloglevel" alt="" coords="1485,1583,1757,1609">
<area shape="rect" href="$classhcan_1_1board__driver.html#15c50a808307b7bce15166961c79a3d5" title="hcan::board_driver::cmd_show_system" alt="" coords="1487,1735,1756,1761">
<area shape="rect" href="$classhcan_1_1board__driver.html#0f45b107f9b719aa249afdf174b8c2a9" title="hcan::board_driver::cmd_show_time" alt="" coords="1496,1329,1747,1356">
<area shape="rect" href="$board__driver_8cc.html#3f830be561a88099181c5e03d932c4d2" title="parse_raw_send_list" alt="" coords="744,1684,893,1711">
<area shape="rect" href="$classhcan_1_1transport__connection.html#e06f4f588781f172d5867103484feef5" title="hcan::transport_connection::recv_frame" alt="" coords="681,1735,956,1761">
<area shape="rect" href="$classhcan_1_1transport__connection.html#632e7601ecdb5c7315653f8940e52970" title="hcan::transport_connection::send" alt="" coords="1087,1076,1321,1103">
<area shape="rect" href="$classhcan_1_1board__driver.html#776fdf66f44ce5bec1e8cb418b3d3ce7" title="hcan::board_driver::show_help" alt="" coords="712,2089,925,2116">
