<area shape="rect" href="$classhcan_1_1controller1612__driver.html#ded0b9bf88ce2cbd785c79683d1a8e09" title="hcan::controller1612_driver::cmd_config_reload" alt="" coords="659,512,981,539">
<area shape="rect" href="$classhcan_1_1controller1612__driver.html#4d89202a0682fcedf7555d59e4b68622" title="hcan::controller1612_driver::cmd_discover_1wire" alt="" coords="655,189,985,216">
<area shape="rect" href="$classhcan_1_1controller1612__driver.html#fa84d0599080d7b9f4192664d5008d6b" title="hcan::controller1612_driver::cmd_show_ram_usage" alt="" coords="645,360,995,387">
<area shape="rect" href="$namespacehcan.html#0303c12b76f9664c59973c296dd547b7" title="hcan::eds_exec_cmd" alt="" coords="401,791,556,817">
<area shape="rect" href="$classhcan_1_1oap__driver.html#ebd8cecbcdec641646ec445c74025578" title="hcan::oap_driver::exec_command" alt="" coords="360,1500,597,1527">
<area shape="rect" href="$classhcan_1_1atmega32__board__driver.html#18a1c1d56751098f46fd2017b6aba098" title="hcan::atmega32_board_driver::exec_command" alt="" coords="659,411,981,437">
<area shape="rect" href="$classhcan_1_1board__connection.html#5e4ee03bc38774aea89fc7744b03bb86" title="hcan::board_connection::dst" alt="" coords="1516,689,1719,716">
<area shape="rect" href="$classhcan_1_1hcan__transport.html#f0911fb038b1fd109199956fcf2eec40" title="hcan::hcan_transport::send_CONFIG_RELOAD" alt="" coords="1091,360,1403,387">
<area shape="rect" href="$classhcan_1_1board__connection.html#87c9431f4e6ceee9311fc488adb1f0f7" title="hcan::board_connection::src" alt="" coords="1517,892,1717,919">
<area shape="rect" href="$classhcan_1_1hcan__transport.html#4a7bf6fde4f373e2e0126025d273e206" title="hcan::hcan_transport::socket" alt="" coords="1513,335,1721,361">
<area shape="rect" href="$classhcan_1_1frame.html#3b44a930c2866e5006a8baa2a961b9fe" title="hcan::frame::write_to" alt="" coords="1540,284,1695,311">
<area shape="rect" href="$classhcan_1_1hcan__transport.html#49f253019f4d9d439cd525892271a846" title="hcan::hcan_transport::recv_1WIRE_DISCOVERED_PART_1" alt="" coords="1056,56,1437,83">
<area shape="rect" href="$classhcan_1_1hcan__transport.html#a02bc8dfdead963e1b0666ac328da1d6" title="hcan::hcan_transport::recv_1WIRE_DISCOVERED_PART_2" alt="" coords="1056,5,1437,32">
<area shape="rect" href="$classhcan_1_1hcan__transport.html#49469bc7a20efe5dbfdeabfa210dd5b6" title="hcan::hcan_transport::send_1WIRE_DISCOVER" alt="" coords="1089,157,1404,184">
<area shape="rect" href="$classhcan_1_1frame.html#7c69b37dad2ce5c6ef848f8535b29944" title="hcan::frame::data" alt="" coords="1549,157,1685,184">
<area shape="rect" href="$classhcan_1_1hcan__transport.html#bd1b8d59d93c69da4e0a0b9c32fbdb5d" title="hcan::hcan_transport::recv_frame" alt="" coords="1499,56,1736,83">
<area shape="rect" href="$classhcan_1_1frame.html#36de22f4d054f15afe99a70e7b1d3b38" title="hcan::frame::size" alt="" coords="1552,107,1683,133">
<area shape="rect" href="$classhcan_1_1frame.html#b9e91ba7845047a9679ea619625fa74e" title="hcan::frame::src" alt="" coords="1555,5,1680,32">
<area shape="rect" href="$classhcan_1_1hcan__transport.html#5dfc98a981d7fd83d9eeb70df0d24ee7" title="hcan::hcan_transport::recv_CONFIG_RAM_USAGE_REPLAY" alt="" coords="1052,107,1441,133">
<area shape="rect" href="$classhcan_1_1hcan__transport.html#695ed0c1e0099a2d7850991660c04b79" title="hcan::hcan_transport::send_CONFIG_RAM_USAGE_REQUEST" alt="" coords="1043,208,1451,235">
<area shape="rect" href="$classhcan_1_1eds__connection.html#e301ff324b1f11e3a3505dbc50dc3d1d" title="hcan::eds_connection::defragment" alt="" coords="699,867,941,893">
<area shape="rect" href="$classhcan_1_1eds__connection.html#580a52e7314f82648630d66cec87b048" title="hcan::eds_connection::update" alt="" coords="1140,917,1353,944">
<area shape="rect" href="$namespacehcan.html#3db58084b75373aa436458df1f5b131e" title="hcan::eds_cmd_create" alt="" coords="737,1019,903,1045">
<area shape="rect" href="$namespacehcan.html#802f4d4d4405482737ac819811e22c64" title="hcan::eds_cmd_delete" alt="" coords="737,563,903,589">
<area shape="rect" href="$namespacehcan.html#39c5a5670c3fe49e49b00fda5de0c7bd" title="hcan::eds_cmd_edit" alt="" coords="745,613,895,640">
<area shape="rect" href="$namespacehcan.html#de293f02631b9ff24d26310597fec497" title="hcan::eds_cmd_list" alt="" coords="748,664,892,691">
<area shape="rect" href="$namespacehcan.html#fc697055a1e11fd9565f99a04425f324" title="hcan::eds_cmd_set_field" alt="" coords="731,765,909,792">
<area shape="rect" href="$namespacehcan.html#8b154bf647360c7097d64079e314d3f3" title="hcan::eds_cmd_show_conf" alt="" coords="724,816,916,843">
<area shape="rect" href="$structhcan_1_1context.html#d5f3402c26ce04682ce567202e0fc30d" title="hcan::context::reset" alt="" coords="745,1196,895,1223">
<area shape="rect" href="$classhcan_1_1hcan__transport.html#26eb13a3637ae871edb858a65fb10dea" title="hcan::hcan_transport::send_FORMAT" alt="" coords="1120,309,1373,336">
<area shape="rect" href="$classhcan_1_1board__connection.html#1bb0634172656683440c6859dbffee47" title="hcan::board_connection::tcon" alt="" coords="1141,1171,1352,1197">
<area shape="rect" href="$classhcan_1_1hcan__transport.html#f01561e3c069da9090e128920da5b5e2" title="hcan::hcan_transport::send_DEFRAGMENT" alt="" coords="1101,411,1392,437">
<area shape="rect" href="$classhcan_1_1eds__block.html#eaf39e34c60c34af52d0c73b4eb2a85b" title="hcan::eds_block::address" alt="" coords="1156,1069,1337,1096">
<area shape="rect" href="$classhcan_1_1eds__connection.html#8f674468e5ea4235480f84c54fa674bc" title="hcan::eds_connection::create_block" alt="" coords="1123,1019,1371,1045">
<area shape="rect" href="$classhcan_1_1oap__field.html#4cfd37eb6ebe0651f0ddf702e28d5e4d" title="hcan::oap_field::arraysize" alt="" coords="1155,1525,1339,1552">
<area shape="rect" href="$classhcan_1_1oap__field.html#1e16b5f29635b92fef1201c4f2a99a15" title="hcan::oap_field::class_as_string" alt="" coords="709,1297,931,1324">
<area shape="rect" href="$classhcan_1_1oap__object.html#f4506e1a04de61e0df0828e5a2e5ac1f" title="hcan::oap_object::class_name" alt="" coords="713,1348,927,1375">
<area shape="rect" href="$classhcan_1_1oap__driver.html#aa912dfe529b09bed90bf9ff7135d3d2" title="hcan::oap_driver::cmd_walk" alt="" coords="721,1652,919,1679">
<area shape="rect" href="$classhcan_1_1oap__object.html#1370cda7e48ddcf3f4bdee8c8ef4d655" title="hcan::oap_object::field" alt="" coords="1165,1583,1328,1609">
<area shape="rect" href="$classhcan_1_1oap__object.html#42fb6717d965718b0a48d47670b667c1" title="hcan::oap_object::field_count" alt="" coords="1143,1645,1351,1672">
<area shape="rect" href="$classhcan_1_1oap__access.html#311cb2907c56f23fcca25737338e5c9f" title="hcan::oap_access::object" alt="" coords="1156,1703,1337,1729">
<area shape="rect" href="$classhcan_1_1oap__access.html#cfd484c63952eb7b107417a08219f2f8" title="hcan::oap_access::object_count" alt="" coords="1135,1753,1359,1780">
<area shape="rect" href="$classhcan_1_1oap__field.html#21e280ca68a471c7d9110e1fff08987f" title="hcan::oap_field::value_as_string" alt="" coords="1135,1804,1359,1831">
<area shape="rect" href="$classhcan_1_1oap__object.html#b0a1d5dfc5b74ae90a4d7ed918a31aae" title="hcan::oap_object::field_by_name" alt="" coords="705,1399,935,1425">
<area shape="rect" href="$classhcan_1_1oap__field.html#15168a145f1ee98272b2ac8812516905" title="hcan::oap_field::name" alt="" coords="739,1449,901,1476">
<area shape="rect" href="$classhcan_1_1oap__field.html#6ffd498458e6ce64d2ef546c07e4a0ba" title="hcan::oap_field::set_value" alt="" coords="727,1247,913,1273">
<area shape="rect" href="$classtraceable__error.html#b234163420719b916db10ee69670a7ac" title="traceable_error::what" alt="" coords="741,1855,899,1881">
<area shape="rect" href="$classhcan_1_1board__driver.html#8f25cead4560d601b7afb0d80c2ceeba" title="hcan::board_driver::cmd_flash" alt="" coords="1140,715,1353,741">
<area shape="rect" href="$classhcan_1_1board__driver.html#ff0b594b943d1106ebbe1dd46669c8ec" title="hcan::board_driver::exec_command" alt="" coords="1121,259,1372,285">
