<area shape="rect" href="$classhcan_1_1board__driver.html#98432dc27020af2fd5084cecd006be47" title="hcan::board_driver::write_eeprom_word_le" alt="" coords="339,159,629,185">
<area shape="rect" href="$classhcan_1_1board__driver.html#00f1a530c7764fef98129a90df514d97" title="hcan::board_driver::write_eeprom_byte" alt="" coords="679,159,948,185">
<area shape="rect" href="$classhcan_1_1board__connection.html#5e4ee03bc38774aea89fc7744b03bb86" title="hcan::board_connection::dst" alt="" coords="1096,69,1299,96">
<area shape="rect" href="$classhcan_1_1hcan__transport.html#6c8e5201fcd3044cf7b07ee7485ccf63" title="hcan::hcan_transport::recv_INTERNAL_EEPROM_WRITE_ACK" alt="" coords="999,120,1396,147">
<area shape="rect" href="$classhcan_1_1hcan__transport.html#e5e84723b6cf2c6eaacfc6ea1a0dc201" title="hcan::hcan_transport::send_INTERNAL_EEPROM_WRITE" alt="" coords="1013,196,1381,223">
<area shape="rect" href="$classhcan_1_1board__connection.html#87c9431f4e6ceee9311fc488adb1f0f7" title="hcan::board_connection::src" alt="" coords="1097,247,1297,273">
<area shape="rect" href="$classhcan_1_1frame.html#7c69b37dad2ce5c6ef848f8535b29944" title="hcan::frame::data" alt="" coords="1496,5,1632,32">
<area shape="rect" href="$classhcan_1_1hcan__transport.html#bd1b8d59d93c69da4e0a0b9c32fbdb5d" title="hcan::hcan_transport::recv_frame" alt="" coords="1445,56,1683,83">
<area shape="rect" href="$classhcan_1_1frame.html#36de22f4d054f15afe99a70e7b1d3b38" title="hcan::frame::size" alt="" coords="1499,107,1629,133">
<area shape="rect" href="$classhcan_1_1frame.html#b9e91ba7845047a9679ea619625fa74e" title="hcan::frame::src" alt="" coords="1501,157,1627,184">
<area shape="rect" href="$classhcan_1_1hcan__transport.html#4a7bf6fde4f373e2e0126025d273e206" title="hcan::hcan_transport::socket" alt="" coords="1460,208,1668,235">
<area shape="rect" href="$classhcan_1_1frame.html#3b44a930c2866e5006a8baa2a961b9fe" title="hcan::frame::write_to" alt="" coords="1487,259,1641,285">
