<area shape="rect" href="$classhcan_1_1board__connection.html#5e4ee03bc38774aea89fc7744b03bb86" title="hcan::board_connection::dst" alt="" coords="367,19,569,45">
<area shape="rect" href="$eds__connection_8cc.html#7e403a7925c707f9587aee7605b73f6b" title="get_block_field_desc_by_key" alt="" coords="367,69,569,96">
<area shape="rect" href="$classhcan_1_1hcan__transport.html#236075776a57f449e76bbc5021865840" title="hcan::hcan_transport::recv_WRITE_TO_BLOCK_REPLAY" alt="" coords="287,120,649,147">
<area shape="rect" href="$classhcan_1_1hcan__transport.html#a58b6bef89850cc9ff91369fe69f8b4f" title="hcan::hcan_transport::send_WRITE_TO_BLOCK" alt="" coords="311,196,625,223">
<area shape="rect" href="$classhcan_1_1board__connection.html#87c9431f4e6ceee9311fc488adb1f0f7" title="hcan::board_connection::src" alt="" coords="368,247,568,273">
<area shape="rect" href="$classhcan_1_1frame.html#7c69b37dad2ce5c6ef848f8535b29944" title="hcan::frame::data" alt="" coords="749,5,885,32">
<area shape="rect" href="$classhcan_1_1hcan__transport.html#bd1b8d59d93c69da4e0a0b9c32fbdb5d" title="hcan::hcan_transport::recv_frame" alt="" coords="699,56,936,83">
<area shape="rect" href="$classhcan_1_1frame.html#36de22f4d054f15afe99a70e7b1d3b38" title="hcan::frame::size" alt="" coords="752,107,883,133">
<area shape="rect" href="$classhcan_1_1frame.html#b9e91ba7845047a9679ea619625fa74e" title="hcan::frame::src" alt="" coords="755,157,880,184">
<area shape="rect" href="$classhcan_1_1hcan__transport.html#4a7bf6fde4f373e2e0126025d273e206" title="hcan::hcan_transport::socket" alt="" coords="713,208,921,235">
<area shape="rect" href="$classhcan_1_1frame.html#3b44a930c2866e5006a8baa2a961b9fe" title="hcan::frame::write_to" alt="" coords="740,259,895,285">
