<area shape="rect" href="$classhcan_1_1board__connection.html#5e4ee03bc38774aea89fc7744b03bb86" title="hcan::board_connection::dst" alt="" coords="1721,701,1924,728">
<area shape="rect" href="$classhcan_1_1atmega32__board__driver.html#18a1c1d56751098f46fd2017b6aba098" title="hcan::atmega32_board_driver::exec_command" alt="" coords="292,1107,615,1133">
<area shape="rect" href="$classhcan_1_1board__connection.html#87c9431f4e6ceee9311fc488adb1f0f7" title="hcan::board_connection::src" alt="" coords="1723,651,1923,677">
<area shape="rect" href="$classhcan_1_1hcan__transport.html#94618424541ce1e0a01931156dbe6699" title="hcan::hcan_transport::recv_STATE_INFO" alt="" coords="1685,1917,1960,1944">
<area shape="rect" href="$classhcan_1_1hcan__transport.html#2a18f46b8bedb8870a1f2f1fcaebc6a1" title="hcan::hcan_transport::send_STATE_REQUEST" alt="" coords="1669,448,1976,475">
<area shape="rect" href="$classhcan_1_1hcan__transport.html#e6d3cee401fcc560c2a52a5ed93edef8" title="hcan::hcan_transport::send_VOLTAGE_STATS_RESET" alt="" coords="1645,499,2000,525">
<area shape="rect" href="$classhcan_1_1board__driver.html#8f25cead4560d601b7afb0d80c2ceeba" title="hcan::board_driver::cmd_flash" alt="" coords="995,1335,1208,1361">
<area shape="rect" href="$classhcan_1_1board__driver.html#ff0b594b943d1106ebbe1dd46669c8ec" title="hcan::board_driver::exec_command" alt="" coords="664,676,915,703">
<area shape="rect" href="$classhcan_1_1board__driver.html#2072564d0cc87e96af1891016eb69361" title="hcan::board_driver::cached_filename" alt="" coords="1309,1157,1565,1184">
<area shape="rect" href="$classhcan_1_1board__driver.html#3b0cdff6199a3965e5e30b6ffc62f56b" title="hcan::board_driver::cmd_getstate" alt="" coords="1319,1056,1556,1083">
<area shape="rect" href="$classhcan_1_1board__driver.html#10318a64a0e599689c5e29645369ae96" title="hcan::board_driver::cmd_reset" alt="" coords="1329,397,1545,424">
<area shape="rect" href="$classihexfile.html#20ca5440de670c8e4dc550f234bc5e90" title="ihexfile::copy_original_to" alt="" coords="1349,1715,1525,1741">
<area shape="rect" href="$classihexfile.html#9c35d964bedfd00c772adb00ffd0bab9" title="ihexfile::crc16" alt="" coords="1384,1360,1491,1387">
<area shape="rect" href="$classihexfile.html#bb3995c709c908a590a90429c36dea59" title="ihexfile::data" alt="" coords="1387,1512,1488,1539">
<area shape="rect" href="$classihexfile.html#fb08f99a4d4572d233e606de2ec61f5e" title="ihexfile::load" alt="" coords="1388,1613,1487,1640">
<area shape="rect" href="$classihexfile.html#90f14441556cbd969dbf93509295cbc7" title="ihexfile::size" alt="" coords="1773,1816,1872,1843">
<area shape="rect" href="$classhcan_1_1board__driver.html#231e586b2fc5e0947aa5db48bf82bebe" title="hcan::board_driver::load_crc16_from_board" alt="" coords="1288,853,1587,880">
<area shape="rect" href="$classhcan_1_1hcan__transport.html#cb461e348f34327424af9ecb28a7bf52" title="hcan::hcan_transport::recv_DEVICE_BOOT_STOP_ACK" alt="" coords="1641,1715,2004,1741">
<area shape="rect" href="$classhcan_1_1hcan__transport.html#af2e0e25286d4d208affdbdd72b36be2" title="hcan::hcan_transport::recv_FLASH_BUFFER_FILL_ACK" alt="" coords="1643,1867,2003,1893">
<area shape="rect" href="$classhcan_1_1hcan__transport.html#17ba9342e3ef7bf464c0e1f712df1db0" title="hcan::hcan_transport::recv_FLASH_BUFFER_WRITE_ACK" alt="" coords="1636,1765,2009,1792">
<area shape="rect" href="$classhcan_1_1board__driver.html#61ed709e97aa2d8a0e78277621eb6d52" title="hcan::board_driver::save_crc16_to_board" alt="" coords="1296,1664,1579,1691">
<area shape="rect" href="$classhcan_1_1hcan__transport.html#2b586924333338ea4e920fc1bbcfd92e" title="hcan::hcan_transport::send_DEVICE_BOOT_STOP" alt="" coords="1656,549,1989,576">
<area shape="rect" href="$classhcan_1_1hcan__transport.html#f247934136110a42671fc12114e4e98c" title="hcan::hcan_transport::send_DEVICE_LOAD_APP" alt="" coords="1660,803,1985,829">
<area shape="rect" href="$classhcan_1_1hcan__transport.html#abde9b7ccf9ee993654daed9cfdd6130" title="hcan::hcan_transport::send_FLASH_BUFFER_FILL" alt="" coords="1657,904,1988,931">
<area shape="rect" href="$classhcan_1_1hcan__transport.html#0c3f6b230fa9b87a71c1fd511fd05964" title="hcan::hcan_transport::send_FLASH_BUFFER_WRITE" alt="" coords="1651,853,1995,880">
<area shape="rect" href="$classhcan_1_1hcan__transport.html#78fb1a82f40ef597da1a88a2e6bad0c3" title="hcan::hcan_transport::recv_DEVICE_STATE_REPLAY" alt="" coords="1651,1664,1995,1691">
<area shape="rect" href="$classhcan_1_1hcan__transport.html#6dbdef3d17d46d41f5732d19f80fdbb7" title="hcan::hcan_transport::send_DEVICE_STATE_REQUEST" alt="" coords="1641,752,2004,779">
<area shape="rect" href="$classhcan_1_1frame.html#7c69b37dad2ce5c6ef848f8535b29944" title="hcan::frame::data" alt="" coords="2109,1715,2245,1741">
<area shape="rect" href="$classhcan_1_1hcan__transport.html#bd1b8d59d93c69da4e0a0b9c32fbdb5d" title="hcan::hcan_transport::recv_frame" alt="" coords="2059,1816,2296,1843">
<area shape="rect" href="$classhcan_1_1frame.html#36de22f4d054f15afe99a70e7b1d3b38" title="hcan::frame::size" alt="" coords="2112,1867,2243,1893">
<area shape="rect" href="$classhcan_1_1frame.html#b9e91ba7845047a9679ea619625fa74e" title="hcan::frame::src" alt="" coords="2115,1765,2240,1792">
<area shape="rect" href="$classhcan_1_1hcan__transport.html#4a7bf6fde4f373e2e0126025d273e206" title="hcan::hcan_transport::socket" alt="" coords="2073,701,2281,728">
<area shape="rect" href="$classhcan_1_1frame.html#3b44a930c2866e5006a8baa2a961b9fe" title="hcan::frame::write_to" alt="" coords="2100,600,2255,627">
<area shape="rect" href="$classhcan_1_1hcan__transport.html#70999ffdae95b2718551d18162654cd5" title="hcan::hcan_transport::send_DEVICE_RESET" alt="" coords="1675,600,1971,627">
<area shape="rect" href="$classhcan_1_1board__driver.html#99ce9ed441b270e1e0ef294578552803" title="hcan::board_driver::cmd_bootloader" alt="" coords="976,296,1227,323">
<area shape="rect" href="$classhcan_1_1board__driver.html#7b52d23a836c9a3e0e3da936f8aa5ada" title="hcan::board_driver::cmd_dump_ee" alt="" coords="980,701,1223,728">
<area shape="rect" href="$classhcan_1_1board__driver.html#6685e6263d14eff894c311b91f39ee74" title="hcan::board_driver::read_eeprom_byte" alt="" coords="1303,701,1572,728">
<area shape="rect" href="$classhcan_1_1board__driver.html#563f3fb84df6cc10b39e65505d3420f7" title="hcan::board_driver::cmd_getaddress" alt="" coords="973,245,1229,272">
<area shape="rect" href="$classhcan_1_1board__driver.html#d85a56a6c4a0e2daee7f170f44881377" title="hcan::board_driver::cmd_getuptime" alt="" coords="1313,803,1561,829">
<area shape="rect" href="$classhcan_1_1board__driver.html#b83e920bb45affa9d3313fb80c24cb03" title="hcan::board_driver::cmd_loadapp" alt="" coords="1320,904,1555,931">
<area shape="rect" href="$classhcan_1_1board__driver.html#acfbc823a529f0c0ba4a0a9a2da5eca0" title="hcan::board_driver::cmd_setaddress" alt="" coords="975,499,1228,525">
<area shape="rect" href="$classhcan_1_1board__driver.html#c3db1a228d0b4198db2b84f70880f10b" title="hcan::board_driver::cmd_setsysloglevel" alt="" coords="1301,499,1573,525">
<area shape="rect" href="$classhcan_1_1board__driver.html#15c50a808307b7bce15166961c79a3d5" title="hcan::board_driver::cmd_show_system" alt="" coords="1303,651,1572,677">
<area shape="rect" href="$classhcan_1_1board__driver.html#0f45b107f9b719aa249afdf174b8c2a9" title="hcan::board_driver::cmd_show_time" alt="" coords="1312,549,1563,576">
<area shape="rect" href="$board__driver_8cc.html#3f830be561a88099181c5e03d932c4d2" title="parse_raw_send_list" alt="" coords="1027,752,1176,779">
<area shape="rect" href="$classhcan_1_1transport__connection.html#e06f4f588781f172d5867103484feef5" title="hcan::transport_connection::recv_frame" alt="" coords="964,803,1239,829">
<area shape="rect" href="$classhcan_1_1transport__connection.html#632e7601ecdb5c7315653f8940e52970" title="hcan::transport_connection::send" alt="" coords="984,93,1219,120">
<area shape="rect" href="$classhcan_1_1board__driver.html#776fdf66f44ce5bec1e8cb418b3d3ce7" title="hcan::board_driver::show_help" alt="" coords="995,853,1208,880">
<area shape="rect" href="$classhcan_1_1board__driver.html#00f1a530c7764fef98129a90df514d97" title="hcan::board_driver::write_eeprom_byte" alt="" coords="1303,600,1572,627">
