<area shape="rect" href="$driver__factory_8h.html" title="driver_factory.h" alt="" coords="256,316,376,343">
<area shape="rect" href="$board__driver_8h.html" title="board_driver.h" alt="" coords="395,393,507,420">
<area shape="rect" href="$atmega8__board__driver_8h.html" title="atmega8_board_driver.h" alt="" coords="5,316,181,343">
<area shape="rect" href="$atmega32__board__driver_8h.html" title="atmega32_board_driver.h" alt="" coords="520,239,704,265">
<area shape="rect" href="$controller1612__driver_8h.html" title="controller1612_driver.h" alt="" coords="888,84,1056,111">
<area shape="rect" href="$userpanel__driver_8h.html" title="userpanel_driver.h" alt="" coords="672,161,811,188">
<area shape="rect" href="$usv__driver_8h.html" title="usv_driver.h" alt="" coords="451,161,547,188">
<area shape="rect" href="$traceable__error_8h.html" title="libhcan++/traceable_error.h" alt="" coords="852,393,1052,420">
<area shape="rect" href="$eds__connection_8h.html" title="libhcan++/eds_connection.h" alt="" coords="1061,239,1264,265">
<area shape="rect" href="$oap__driver_8h.html" title="libhcan++/oap_driver.h" alt="" coords="887,161,1057,188">
<area shape="rect" href="$board__connection_8h.html" title="libhcan++/board_connection.h" alt="" coords="843,316,1061,343">
<area shape="rect" href="$eds__desc_8h.html" title="eds_desc.h" alt="" coords="1076,393,1169,420">
<area shape="rect" href="$oap__access_8h.html" title="libhcan++/oap_access.h" alt="" coords="808,239,987,265">
