<area shape="rect" href="$eds__connection_8h.html" title="eds_connection.h" alt="" coords="349,161,483,188">
<area shape="rect" href="$board__connection_8h.html" title="libhcan++/board_connection.h" alt="" coords="61,239,280,265">
<area shape="rect" href="$transport__connection_8h.html" title="transport_connection.h" alt="" coords="159,84,327,111">
<area shape="rect" href="$traceable__error_8h.html" title="libhcan++/traceable_error.h" alt="" coords="368,316,568,343">
<area shape="rect" href="$eds__desc_8h.html" title="eds_desc.h" alt="" coords="251,316,344,343">
<area shape="rect" href="$board__driver_8h.html" title="board_driver.h" alt="" coords="115,316,227,343">
<area shape="rect" href="$hcan__transport_8h.html" title="libhcan++/hcan_transport.h" alt="" coords="125,161,325,188">
<area shape="rect" href="$frame_8h.html" title="frame.h" alt="" coords="932,239,1004,265">
<area shape="rect" href="$frame__message__description_8h.html" title="frame_message_description.h" alt="" coords="949,316,1163,343">
<area shape="rect" href="$colors_8h.html" title="colors.h" alt="" coords="1480,316,1552,343">
