<area shape="rect" href="$controller1612__driver_8h.html" title="controller1612_driver.h" alt="" coords="5,161,173,188">
<area shape="rect" href="$eds__commands_8h.html" title="eds_commands.h" alt="" coords="399,84,535,111">
<area shape="rect" href="$userpanel__driver_8cc.html" title="userpanel_driver.cc" alt="" coords="504,161,648,188">
<area shape="rect" href="$userpanel__driver_8h.html" title="userpanel_driver.h" alt="" coords="611,84,749,111">
<area shape="rect" href="$eds__commands_8cc.html" title="eds_commands.cc" alt="" coords="723,161,864,188">
<area shape="rect" href="$eds__connection_8cc.html" title="eds_connection.cc" alt="" coords="824,84,963,111">
<area shape="rect" href="$oap__driver_8h.html" title="oap_driver.h" alt="" coords="200,84,299,111">
<area shape="rect" href="$controller1612__driver_8cc.html" title="controller1612_driver.cc" alt="" coords="191,239,364,265">
<area shape="rect" href="$driver__factory_8cc.html" title="driver_factory.cc" alt="" coords="505,239,631,265">
<area shape="rect" href="$oap__driver_8cc.html" title="oap_driver.cc" alt="" coords="197,161,301,188">
<area shape="rect" href="$usv__driver_8cc.html" title="usv_driver.cc" alt="" coords="325,161,429,188">
