<area shape="rect" href="$eds__commands_8cc.html" title="eds_commands.cc" alt="" coords="779,239,920,265">
<area shape="rect" href="$eds__connection_8h.html" title="eds_connection.h" alt="" coords="439,84,572,111">
<area shape="rect" href="$userpanel__driver_8cc.html" title="userpanel_driver.cc" alt="" coords="525,239,669,265">
<area shape="rect" href="$eds__desc_8cc.html" title="eds_desc.cc" alt="" coords="937,84,1036,111">
<area shape="rect" href="$controller1612__driver_8h.html" title="controller1612_driver.h" alt="" coords="5,239,173,265">
<area shape="rect" href="$eds__commands_8h.html" title="eds_commands.h" alt="" coords="249,161,385,188">
<area shape="rect" href="$userpanel__driver_8h.html" title="userpanel_driver.h" alt="" coords="673,161,812,188">
<area shape="rect" href="$eds__connection_8cc.html" title="eds_connection.cc" alt="" coords="409,161,548,188">
<area shape="rect" href="$oap__driver_8h.html" title="oap_driver.h" alt="" coords="127,161,225,188">
<area shape="rect" href="$controller1612__driver_8cc.html" title="controller1612_driver.cc" alt="" coords="123,316,296,343">
<area shape="rect" href="$driver__factory_8cc.html" title="driver_factory.cc" alt="" coords="559,316,684,343">
<area shape="rect" href="$oap__driver_8cc.html" title="oap_driver.cc" alt="" coords="197,239,301,265">
<area shape="rect" href="$usv__driver_8cc.html" title="usv_driver.cc" alt="" coords="376,239,480,265">
