<area shape="rect" href="$userpanel__driver_8h.html" title="userpanel_driver.h" alt="" coords="360,84,499,111">
<area shape="rect" href="$eds__connection_8h.html" title="libhcan++/eds_connection.h" alt="" coords="432,161,635,188">
<area shape="rect" href="$board__connection_8h.html" title="libhcan++/board_connection.h" alt="" coords="213,239,432,265">
<area shape="rect" href="$eds__desc_8h.html" title="eds_desc.h" alt="" coords="415,316,508,343">
<area shape="rect" href="$transport__connection_8h.html" title="transport_connection.h" alt="" coords="760,84,928,111">
<area shape="rect" href="$atmega32__board__driver_8h.html" title="atmega32_board_driver.h" alt="" coords="5,239,189,265">
<area shape="rect" href="$traceable__error_8h.html" title="libhcan++/traceable_error.h" alt="" coords="532,316,732,343">
<area shape="rect" href="$board__driver_8h.html" title="board_driver.h" alt="" coords="177,316,289,343">
<area shape="rect" href="$hcan__transport_8h.html" title="libhcan++/hcan_transport.h" alt="" coords="861,161,1061,188">
<area shape="rect" href="$frame_8h.html" title="frame.h" alt="" coords="1224,239,1296,265">
<area shape="rect" href="$frame__message__description_8h.html" title="frame_message_description.h" alt="" coords="1009,316,1223,343">
<area shape="rect" href="$colors_8h.html" title="colors.h" alt="" coords="1540,316,1612,343">
