<area shape="rect" href="$board__driver_8cc.html" title="board_driver.cc" alt="" coords="5,239,123,265">
<area shape="rect" href="$frame_8cc.html" title="frame.cc" alt="" coords="724,84,801,111">
<area shape="rect" href="$hcan__transport_8cc.html" title="hcan_transport.cc" alt="" coords="771,161,907,188">
<area shape="rect" href="$hcan__transport_8h.html" title="hcan_transport.h" alt="" coords="876,84,1007,111">
<area shape="rect" href="$transport__connection_8cc.html" title="transport_connection.cc" alt="" coords="1667,239,1843,265">
<area shape="rect" href="$transport__connection_8h.html" title="transport_connection.h" alt="" coords="931,161,1099,188">
<area shape="rect" href="$atmega32__board__driver_8cc.html" title="atmega32_board_driver.cc" alt="" coords="147,239,339,265">
<area shape="rect" href="$atmega8__board__driver_8cc.html" title="atmega8_board_driver.cc" alt="" coords="363,239,547,265">
<area shape="rect" href="$board__connection_8cc.html" title="board_connection.cc" alt="" coords="571,239,723,265">
<area shape="rect" href="$controller1612__driver_8cc.html" title="controller1612_driver.cc" alt="" coords="747,239,920,265">
<area shape="rect" href="$eds__commands_8cc.html" title="eds_commands.cc" alt="" coords="944,239,1085,265">
<area shape="rect" href="$eds__connection_8cc.html" title="eds_connection.cc" alt="" coords="1109,239,1248,265">
<area shape="rect" href="$oap__access_8cc.html" title="oap_access.cc" alt="" coords="1272,239,1387,265">
<area shape="rect" href="$oap__driver_8cc.html" title="oap_driver.cc" alt="" coords="1411,239,1515,265">
<area shape="rect" href="$usv__driver_8cc.html" title="usv_driver.cc" alt="" coords="1539,239,1643,265">
