<area shape="rect" href="$frame_8h.html" title="frame.h" alt="" coords="936,84,1008,111">
<area shape="rect" href="$frame_8cc.html" title="frame.cc" alt="" coords="700,161,777,188">
<area shape="rect" href="$transport__connection_8cc.html" title="transport_connection.cc" alt="" coords="1667,316,1843,343">
<area shape="rect" href="$eds__desc_8cc.html" title="eds_desc.cc" alt="" coords="1305,84,1404,111">
<area shape="rect" href="$frame__message__description_8cc.html" title="frame_message_description.cc" alt="" coords="1428,84,1647,111">
<area shape="rect" href="$board__driver_8cc.html" title="board_driver.cc" alt="" coords="5,316,123,343">
<area shape="rect" href="$hcan__transport_8cc.html" title="hcan_transport.cc" alt="" coords="852,239,988,265">
<area shape="rect" href="$hcan__transport_8h.html" title="hcan_transport.h" alt="" coords="957,161,1088,188">
<area shape="rect" href="$transport__connection_8h.html" title="transport_connection.h" alt="" coords="1012,239,1180,265">
<area shape="rect" href="$atmega32__board__driver_8cc.html" title="atmega32_board_driver.cc" alt="" coords="147,316,339,343">
<area shape="rect" href="$atmega8__board__driver_8cc.html" title="atmega8_board_driver.cc" alt="" coords="363,316,547,343">
<area shape="rect" href="$board__connection_8cc.html" title="board_connection.cc" alt="" coords="571,316,723,343">
<area shape="rect" href="$controller1612__driver_8cc.html" title="controller1612_driver.cc" alt="" coords="747,316,920,343">
<area shape="rect" href="$eds__commands_8cc.html" title="eds_commands.cc" alt="" coords="944,316,1085,343">
<area shape="rect" href="$eds__connection_8cc.html" title="eds_connection.cc" alt="" coords="1109,316,1248,343">
<area shape="rect" href="$oap__access_8cc.html" title="oap_access.cc" alt="" coords="1272,316,1387,343">
<area shape="rect" href="$oap__driver_8cc.html" title="oap_driver.cc" alt="" coords="1411,316,1515,343">
<area shape="rect" href="$usv__driver_8cc.html" title="usv_driver.cc" alt="" coords="1539,316,1643,343">
