<area shape="rect" href="$transport__connection_8h.html" title="transport_connection.h" alt="" coords="931,84,1099,111">
<area shape="rect" href="$hcan__transport_8cc.html" title="hcan_transport.cc" alt="" coords="1123,84,1259,111">
<area shape="rect" href="$atmega32__board__driver_8cc.html" title="atmega32_board_driver.cc" alt="" coords="5,161,197,188">
<area shape="rect" href="$atmega8__board__driver_8cc.html" title="atmega8_board_driver.cc" alt="" coords="221,161,405,188">
<area shape="rect" href="$board__connection_8cc.html" title="board_connection.cc" alt="" coords="429,161,581,188">
<area shape="rect" href="$board__driver_8cc.html" title="board_driver.cc" alt="" coords="605,161,723,188">
<area shape="rect" href="$controller1612__driver_8cc.html" title="controller1612_driver.cc" alt="" coords="747,161,920,188">
<area shape="rect" href="$eds__commands_8cc.html" title="eds_commands.cc" alt="" coords="944,161,1085,188">
<area shape="rect" href="$eds__connection_8cc.html" title="eds_connection.cc" alt="" coords="1109,161,1248,188">
<area shape="rect" href="$oap__access_8cc.html" title="oap_access.cc" alt="" coords="1272,161,1387,188">
<area shape="rect" href="$oap__driver_8cc.html" title="oap_driver.cc" alt="" coords="1411,161,1515,188">
<area shape="rect" href="$transport__connection_8cc.html" title="transport_connection.cc" alt="" coords="1539,161,1715,188">
<area shape="rect" href="$usv__driver_8cc.html" title="usv_driver.cc" alt="" coords="1739,161,1843,188">
