<area shape="rect" href="$classtraceable__error.html" title="traceable_error" alt="" coords="5,259,125,285">
<area shape="rect" href="$classhcan_1_1board__error.html" title="hcan::board_error" alt="" coords="201,5,337,32">
<area shape="rect" href="$classhcan_1_1controller1612__error.html" title="hcan::controller1612_error" alt="" coords="175,56,364,83">
<area shape="rect" href="$classhcan_1_1driver__error.html" title="hcan::driver_error" alt="" coords="203,107,336,133">
<area shape="rect" href="$classhcan_1_1dynaddress__error.html" title="hcan::dynaddress_error" alt="" coords="184,157,355,184">
<area shape="rect" href="$classhcan_1_1eds__error.html" title="hcan::eds_error" alt="" coords="209,208,329,235">
<area shape="rect" href="$classhcan_1_1io__error.html" title="hcan::io_error" alt="" coords="215,259,324,285">
<area shape="rect" href="$classhcan_1_1oap__error.html" title="hcan::oap_error" alt="" coords="208,309,331,336">
<area shape="rect" href="$classhcan_1_1transport__error.html" title="hcan::transport_error" alt="" coords="191,360,348,387">
<area shape="rect" href="$classhcan_1_1userpanel__error.html" title="hcan::userpanel_error" alt="" coords="189,411,349,437">
<area shape="rect" href="$classhcan_1_1usv__error.html" title="hcan::usv_error" alt="" coords="209,461,329,488">
<area shape="rect" href="$classihexfile__error.html" title="ihexfile_error" alt="" coords="217,512,321,539">
