<area shape="rect" href="$classhcan_1_1eds__connection.html#e301ff324b1f11e3a3505dbc50dc3d1d" title="hcan::eds_connection::defragment" alt="" coords="212,703,455,729">
<area shape="rect" href="$classhcan_1_1board__connection.html#5e4ee03bc38774aea89fc7744b03bb86" title="hcan::board_connection::dst" alt="" coords="892,956,1095,983">
<area shape="rect" href="$classhcan_1_1board__connection.html#87c9431f4e6ceee9311fc488adb1f0f7" title="hcan::board_connection::src" alt="" coords="893,1057,1093,1084">
<area shape="rect" href="$classhcan_1_1eds__connection.html#580a52e7314f82648630d66cec87b048" title="hcan::eds_connection::update" alt="" coords="523,652,736,679">
<area shape="rect" href="$namespacehcan.html#3db58084b75373aa436458df1f5b131e" title="hcan::eds_cmd_create" alt="" coords="251,196,416,223">
<area shape="rect" href="$namespacehcan.html#802f4d4d4405482737ac819811e22c64" title="hcan::eds_cmd_delete" alt="" coords="251,551,416,577">
<area shape="rect" href="$namespacehcan.html#39c5a5670c3fe49e49b00fda5de0c7bd" title="hcan::eds_cmd_edit" alt="" coords="259,247,408,273">
<area shape="rect" href="$namespacehcan.html#de293f02631b9ff24d26310597fec497" title="hcan::eds_cmd_list" alt="" coords="261,880,405,907">
<area shape="rect" href="$namespacehcan.html#fc697055a1e11fd9565f99a04425f324" title="hcan::eds_cmd_set_field" alt="" coords="244,1209,423,1236">
<area shape="rect" href="$namespacehcan.html#8b154bf647360c7097d64079e314d3f3" title="hcan::eds_cmd_show_conf" alt="" coords="237,779,429,805">
<area shape="rect" href="$structhcan_1_1context.html#d5f3402c26ce04682ce567202e0fc30d" title="hcan::context::reset" alt="" coords="259,1159,408,1185">
<area shape="rect" href="$classhcan_1_1hcan__transport.html#26eb13a3637ae871edb858a65fb10dea" title="hcan::hcan_transport::send_FORMAT" alt="" coords="867,323,1120,349">
<area shape="rect" href="$classhcan_1_1board__connection.html#1bb0634172656683440c6859dbffee47" title="hcan::board_connection::tcon" alt="" coords="228,1260,439,1287">
<area shape="rect" href="$classhcan_1_1hcan__transport.html#f01561e3c069da9090e128920da5b5e2" title="hcan::hcan_transport::send_DEFRAGMENT" alt="" coords="848,373,1139,400">
<area shape="rect" href="$classhcan_1_1hcan__transport.html#4a7bf6fde4f373e2e0126025d273e206" title="hcan::hcan_transport::socket" alt="" coords="1247,601,1455,628">
<area shape="rect" href="$classhcan_1_1frame.html#3b44a930c2866e5006a8baa2a961b9fe" title="hcan::frame::write_to" alt="" coords="1273,551,1428,577">
<area shape="rect" href="$classhcan_1_1hcan__transport.html#5bb62e3ddd09f304dab48f1d2a13b935" title="hcan::hcan_transport::recv_GET_NEXT_BLOCK_REPLAY" alt="" coords="809,905,1177,932">
<area shape="rect" href="$classhcan_1_1hcan__transport.html#74d5a2e38c40c6513b4aa8489584b677" title="hcan::hcan_transport::send_GET_NEXT_BLOCK" alt="" coords="833,627,1153,653">
<area shape="rect" href="$classhcan_1_1frame.html#7c69b37dad2ce5c6ef848f8535b29944" title="hcan::frame::data" alt="" coords="1283,1007,1419,1033">
<area shape="rect" href="$classhcan_1_1hcan__transport.html#bd1b8d59d93c69da4e0a0b9c32fbdb5d" title="hcan::hcan_transport::recv_frame" alt="" coords="1232,855,1469,881">
<area shape="rect" href="$classhcan_1_1frame.html#36de22f4d054f15afe99a70e7b1d3b38" title="hcan::frame::size" alt="" coords="1285,905,1416,932">
<area shape="rect" href="$classhcan_1_1frame.html#b9e91ba7845047a9679ea619625fa74e" title="hcan::frame::src" alt="" coords="1288,956,1413,983">
<area shape="rect" href="$classhcan_1_1eds__block.html#eaf39e34c60c34af52d0c73b4eb2a85b" title="hcan::eds_block::address" alt="" coords="903,475,1084,501">
<area shape="rect" href="$classhcan_1_1eds__connection.html#8f674468e5ea4235480f84c54fa674bc" title="hcan::eds_connection::create_block" alt="" coords="505,500,753,527">
<area shape="rect" href="$classhcan_1_1eds__block.html#7b849f2c7072a95dab2081070a0f026c" title="hcan::eds_block::type" alt="" coords="549,145,709,172">
<area shape="rect" href="$classhcan_1_1eds__block.html#58655ce4e5f09a6833384d720ed45c06" title="hcan::eds_block::type_name" alt="" coords="528,196,731,223">
<area shape="rect" href="$classhcan_1_1eds__connection.html#1fee6e054de447c072d2a29d9462987d" title="hcan::eds_connection::block_by_address" alt="" coords="853,424,1133,451">
<area shape="rect" href="$classhcan_1_1hcan__transport.html#445acff7e94e8d24b2660f83f5fa1baa" title="hcan::hcan_transport::recv_ALLOCATE_BLOCK_REPLAY" alt="" coords="809,804,1177,831">
<area shape="rect" href="$classhcan_1_1hcan__transport.html#9efc9bbc8475a79143ddf67a430c3e37" title="hcan::hcan_transport::send_ALLOCATE_BLOCK" alt="" coords="835,525,1152,552">
<area shape="rect" href="$classhcan_1_1eds__connection.html#e7f68b11d62a9ac9dc08da2ffb1ca8a2" title="hcan::eds_connection::delete_block" alt="" coords="505,551,753,577">
<area shape="rect" href="$classhcan_1_1hcan__transport.html#c82ada597dd93384b42e70de6f4cd2c3" title="hcan::hcan_transport::recv_FREE_BLOCK_REPLAY" alt="" coords="827,855,1160,881">
<area shape="rect" href="$classhcan_1_1hcan__transport.html#391c51c8f9d9700e1544fa26a3d14ede" title="hcan::hcan_transport::send_FREE_BLOCK" alt="" coords="852,576,1135,603">
<area shape="rect" href="$classhcan_1_1eds__connection.html#68312d4d37395014849696321489b93a" title="hcan::eds_connection::blocks" alt="" coords="525,804,733,831">
<area shape="rect" href="$classhcan_1_1eds__block.html#06434d1ee09d11e711fba0689616383c" title="hcan::eds_block::field" alt="" coords="551,956,708,983">
<area shape="rect" href="$classhcan_1_1eds__block.html#36c9419cc70dc4b19b4ace0713591d76" title="hcan::eds_block::fields" alt="" coords="548,855,711,881">
<area shape="rect" href="$classhcan_1_1eds__block.html#d0e51b474ec22ffb7c56efe4cdf7ce1e" title="hcan::eds_block::size" alt="" coords="552,905,707,932">
<area shape="rect" href="$classhcan_1_1eds__block.html#b6e52382fc6c2be423fa78b9d2cae65e" title="hcan::eds_block::strfield" alt="" coords="543,1007,716,1033">
<area shape="rect" href="$classhcan_1_1eds__block.html#164bcb7df3fdb8625f0e663a4f4a7d22" title="hcan::eds_block::uint16_field" alt="" coords="528,1057,731,1084">
<area shape="rect" href="$eds__connection_8cc.html#7e403a7925c707f9587aee7605b73f6b" title="get_block_field_desc_by_key" alt="" coords="892,1108,1095,1135">
<area shape="rect" href="$classhcan_1_1hcan__transport.html#38888d90dae7b869f4025af568856bf3" title="hcan::hcan_transport::recv_READ_FROM_BLOCK_REPLAY" alt="" coords="804,1007,1183,1033">
<area shape="rect" href="$classhcan_1_1hcan__transport.html#8287555bc96d42102743af414d4e4246" title="hcan::hcan_transport::send_READ_FROM_BLOCK" alt="" coords="828,703,1159,729">
<area shape="rect" href="$classhcan_1_1eds__block.html#da1c236e1901db66820065283471bd23" title="hcan::eds_block::field_datatype" alt="" coords="519,1311,740,1337">
<area shape="rect" href="$classhcan_1_1eds__block.html#b7a9e79c7095fe46291d507132f2c87e" title="hcan::eds_block::set_field_str" alt="" coords="525,1159,733,1185">
<area shape="rect" href="$classhcan_1_1eds__block.html#2300eb17177ead03b2be2859d493209e" title="hcan::eds_block::set_field_uint16" alt="" coords="513,1209,745,1236">
<area shape="rect" href="$classhcan_1_1eds__block.html#0fa0660d4974f65834754ded3dde3018" title="hcan::eds_block::set_field_uint8" alt="" coords="517,1260,741,1287">
<area shape="rect" href="$classhcan_1_1hcan__transport.html#236075776a57f449e76bbc5021865840" title="hcan::hcan_transport::recv_WRITE_TO_BLOCK_REPLAY" alt="" coords="812,1159,1175,1185">
<area shape="rect" href="$classhcan_1_1hcan__transport.html#a58b6bef89850cc9ff91369fe69f8b4f" title="hcan::hcan_transport::send_WRITE_TO_BLOCK" alt="" coords="836,753,1151,780">
