<area shape="rect" href="$classhcan_1_1eds__connection.html#1fee6e054de447c072d2a29d9462987d" title="hcan::eds_connection::block_by_address" alt="" coords="199,5,479,32">
<area shape="rect" href="$classhcan_1_1eds__connection.html#68312d4d37395014849696321489b93a" title="hcan::eds_connection::blocks" alt="" coords="235,56,443,83">
<area shape="rect" href="$classhcan_1_1eds__block.html#06434d1ee09d11e711fba0689616383c" title="hcan::eds_block::field" alt="" coords="260,107,417,133">
<area shape="rect" href="$classhcan_1_1eds__block.html#36c9419cc70dc4b19b4ace0713591d76" title="hcan::eds_block::fields" alt="" coords="257,259,420,285">
<area shape="rect" href="$classhcan_1_1eds__block.html#d0e51b474ec22ffb7c56efe4cdf7ce1e" title="hcan::eds_block::size" alt="" coords="261,309,416,336">
<area shape="rect" href="$classhcan_1_1eds__block.html#b6e52382fc6c2be423fa78b9d2cae65e" title="hcan::eds_block::strfield" alt="" coords="252,157,425,184">
<area shape="rect" href="$classhcan_1_1eds__block.html#164bcb7df3fdb8625f0e663a4f4a7d22" title="hcan::eds_block::uint16_field" alt="" coords="237,208,440,235">
<area shape="rect" href="$classhcan_1_1board__connection.html#5e4ee03bc38774aea89fc7744b03bb86" title="hcan::board_connection::dst" alt="" coords="617,107,820,133">
<area shape="rect" href="$eds__connection_8cc.html#7e403a7925c707f9587aee7605b73f6b" title="get_block_field_desc_by_key" alt="" coords="617,157,820,184">
<area shape="rect" href="$classhcan_1_1hcan__transport.html#38888d90dae7b869f4025af568856bf3" title="hcan::hcan_transport::recv_READ_FROM_BLOCK_REPLAY" alt="" coords="529,208,908,235">
<area shape="rect" href="$classhcan_1_1hcan__transport.html#8287555bc96d42102743af414d4e4246" title="hcan::hcan_transport::send_READ_FROM_BLOCK" alt="" coords="553,259,884,285">
<area shape="rect" href="$classhcan_1_1board__connection.html#87c9431f4e6ceee9311fc488adb1f0f7" title="hcan::board_connection::src" alt="" coords="619,56,819,83">
<area shape="rect" href="$classhcan_1_1frame.html#7c69b37dad2ce5c6ef848f8535b29944" title="hcan::frame::data" alt="" coords="1008,183,1144,209">
<area shape="rect" href="$classhcan_1_1hcan__transport.html#bd1b8d59d93c69da4e0a0b9c32fbdb5d" title="hcan::hcan_transport::recv_frame" alt="" coords="957,233,1195,260">
<area shape="rect" href="$classhcan_1_1frame.html#36de22f4d054f15afe99a70e7b1d3b38" title="hcan::frame::size" alt="" coords="1011,81,1141,108">
<area shape="rect" href="$classhcan_1_1frame.html#b9e91ba7845047a9679ea619625fa74e" title="hcan::frame::src" alt="" coords="1013,132,1139,159">
<area shape="rect" href="$classhcan_1_1hcan__transport.html#4a7bf6fde4f373e2e0126025d273e206" title="hcan::hcan_transport::socket" alt="" coords="972,284,1180,311">
<area shape="rect" href="$classhcan_1_1frame.html#3b44a930c2866e5006a8baa2a961b9fe" title="hcan::frame::write_to" alt="" coords="999,335,1153,361">
