<area shape="rect" href="$classhcan_1_1eds__connection.html#1fee6e054de447c072d2a29d9462987d" title="hcan::eds_connection::block_by_address" alt="" coords="233,5,513,32">
<area shape="rect" href="$classhcan_1_1eds__block.html#da1c236e1901db66820065283471bd23" title="hcan::eds_block::field_datatype" alt="" coords="263,56,484,83">
<area shape="rect" href="$classhcan_1_1eds__block.html#b7a9e79c7095fe46291d507132f2c87e" title="hcan::eds_block::set_field_str" alt="" coords="269,107,477,133">
<area shape="rect" href="$classhcan_1_1eds__block.html#2300eb17177ead03b2be2859d493209e" title="hcan::eds_block::set_field_uint16" alt="" coords="257,157,489,184">
<area shape="rect" href="$classhcan_1_1eds__block.html#0fa0660d4974f65834754ded3dde3018" title="hcan::eds_block::set_field_uint8" alt="" coords="261,208,485,235">
<area shape="rect" href="$eds__connection_8cc.html#7e403a7925c707f9587aee7605b73f6b" title="get_block_field_desc_by_key" alt="" coords="644,56,847,83">
<area shape="rect" href="$classhcan_1_1board__connection.html#5e4ee03bc38774aea89fc7744b03bb86" title="hcan::board_connection::dst" alt="" coords="644,157,847,184">
<area shape="rect" href="$classhcan_1_1hcan__transport.html#236075776a57f449e76bbc5021865840" title="hcan::hcan_transport::recv_WRITE_TO_BLOCK_REPLAY" alt="" coords="564,259,927,285">
<area shape="rect" href="$classhcan_1_1hcan__transport.html#a58b6bef89850cc9ff91369fe69f8b4f" title="hcan::hcan_transport::send_WRITE_TO_BLOCK" alt="" coords="588,208,903,235">
<area shape="rect" href="$classhcan_1_1board__connection.html#87c9431f4e6ceee9311fc488adb1f0f7" title="hcan::board_connection::src" alt="" coords="645,107,845,133">
<area shape="rect" href="$classhcan_1_1frame.html#7c69b37dad2ce5c6ef848f8535b29944" title="hcan::frame::data" alt="" coords="1027,233,1163,260">
<area shape="rect" href="$classhcan_1_1hcan__transport.html#bd1b8d59d93c69da4e0a0b9c32fbdb5d" title="hcan::hcan_transport::recv_frame" alt="" coords="976,284,1213,311">
<area shape="rect" href="$classhcan_1_1frame.html#36de22f4d054f15afe99a70e7b1d3b38" title="hcan::frame::size" alt="" coords="1029,335,1160,361">
<area shape="rect" href="$classhcan_1_1frame.html#b9e91ba7845047a9679ea619625fa74e" title="hcan::frame::src" alt="" coords="1032,385,1157,412">
<area shape="rect" href="$classhcan_1_1hcan__transport.html#4a7bf6fde4f373e2e0126025d273e206" title="hcan::hcan_transport::socket" alt="" coords="991,132,1199,159">
<area shape="rect" href="$classhcan_1_1frame.html#3b44a930c2866e5006a8baa2a961b9fe" title="hcan::frame::write_to" alt="" coords="1017,183,1172,209">
