<area shape="rect" href="$oap__access_8h.html" title="oap_access.h" alt="" coords="1448,84,1555,111">
<area shape="rect" href="$board__connection_8h.html" title="libhcan++/board_connection.h" alt="" coords="1151,161,1369,188">
<area shape="rect" href="$transport__connection_8h.html" title="libhcan++/transport_connection.h" alt="" coords="893,84,1133,111">
<area shape="rect" href="$oap__desc_8h.html" title="libhcan++/oap_desc.h" alt="" coords="1579,84,1744,111">
<area shape="rect" href="$traceable__error_8h.html" title="libhcan++/traceable_error.h" alt="" coords="5,316,205,343">
<area shape="rect" href="$board__driver_8h.html" title="board_driver.h" alt="" coords="1435,239,1547,265">
<area shape="rect" href="$hcan__transport_8h.html" title="libhcan++/hcan_transport.h" alt="" coords="876,161,1076,188">
<area shape="rect" href="$frame_8h.html" title="frame.h" alt="" coords="885,239,957,265">
<area shape="rect" href="$frame__message__description_8h.html" title="frame_message_description.h" alt="" coords="619,316,832,343">
<area shape="rect" href="$colors_8h.html" title="colors.h" alt="" coords="523,316,595,343">
