<area shape="rect" href="$oap__driver_8h.html" title="oap_driver.h" alt="" coords="575,84,673,111">
<area shape="rect" href="$board__connection_8h.html" title="libhcan++/board_connection.h" alt="" coords="761,239,980,265">
<area shape="rect" href="$oap__access_8h.html" title="libhcan++/oap_access.h" alt="" coords="407,161,585,188">
<area shape="rect" href="$transport__connection_8h.html" title="transport_connection.h" alt="" coords="1819,84,1987,111">
<area shape="rect" href="$eds__commands_8h.html" title="eds_commands.h" alt="" coords="697,84,833,111">
<area shape="rect" href="$oap__desc_8h.html" title="libhcan++/oap_desc.h" alt="" coords="119,161,284,188">
<area shape="rect" href="$atmega32__board__driver_8h.html" title="atmega32_board_driver.h" alt="" coords="452,239,636,265">
<area shape="rect" href="$traceable__error_8h.html" title="libhcan++/traceable_error.h" alt="" coords="624,316,824,343">
<area shape="rect" href="$eds__connection_8h.html" title="libhcan++/eds_connection.h" alt="" coords="908,161,1111,188">
<area shape="rect" href="$board__driver_8h.html" title="board_driver.h" alt="" coords="488,316,600,343">
<area shape="rect" href="$eds__desc_8h.html" title="eds_desc.h" alt="" coords="1187,316,1280,343">
<area shape="rect" href="$hcan__transport_8h.html" title="libhcan++/hcan_transport.h" alt="" coords="1587,161,1787,188">
<area shape="rect" href="$frame_8h.html" title="frame.h" alt="" coords="1651,239,1723,265">
<area shape="rect" href="$frame__message__description_8h.html" title="frame_message_description.h" alt="" coords="899,316,1112,343">
<area shape="rect" href="$colors_8h.html" title="colors.h" alt="" coords="1864,316,1936,343">
