<area shape="rect" href="$board__connection_8h.html" title="board_connection.h" alt="" coords="1252,84,1399,111">
<area shape="rect" href="$board__connection_8cc.html" title="board_connection.cc" alt="" coords="157,316,309,343">
<area shape="rect" href="$eds__connection_8h.html" title="eds_connection.h" alt="" coords="792,161,925,188">
<area shape="rect" href="$controller1612__driver_8h.html" title="controller1612_driver.h" alt="" coords="333,316,501,343">
<area shape="rect" href="$userpanel__driver_8h.html" title="userpanel_driver.h" alt="" coords="472,239,611,265">
<area shape="rect" href="$oap__driver_8h.html" title="oap_driver.h" alt="" coords="896,239,995,265">
<area shape="rect" href="$transport__connection_8h.html" title="transport_connection.h" alt="" coords="1475,239,1643,265">
<area shape="rect" href="$transport__connection_8cc.html" title="transport_connection.cc" alt="" coords="2184,316,2360,343">
<area shape="rect" href="$driver__factory_8h.html" title="driver_factory.h" alt="" coords="5,239,125,265">
<area shape="rect" href="$frame_8h.html" title="frame.h" alt="" coords="1931,84,2003,111">
<area shape="rect" href="$ihexfile_8h.html" title="ihexfile.h" alt="" coords="2104,84,2181,111">
<area shape="rect" href="$usv__driver_8h.html" title="usv_driver.h" alt="" coords="200,239,296,265">
<area shape="rect" href="$dynaddress_8h.html" title="dynaddress.h" alt="" coords="2256,84,2363,111">
<area shape="rect" href="$eds__desc_8cc.html" title="eds_desc.cc" alt="" coords="2387,84,2485,111">
<area shape="rect" href="$frame__message__description_8cc.html" title="frame_message_description.cc" alt="" coords="2509,84,2728,111">
<area shape="rect" href="$oap__desc_8cc.html" title="oap_desc.cc" alt="" coords="2752,84,2851,111">
<area shape="rect" href="$traceable__error_8cc.html" title="traceable_error.cc" alt="" coords="2875,84,3011,111">
<area shape="rect" href="$atmega32__board__driver_8cc.html" title="atmega32_board_driver.cc" alt="" coords="1619,316,1811,343">
<area shape="rect" href="$atmega8__board__driver_8cc.html" title="atmega8_board_driver.cc" alt="" coords="1835,316,2019,343">
<area shape="rect" href="$board__driver_8cc.html" title="board_driver.cc" alt="" coords="2043,316,2160,343">
<area shape="rect" href="$controller1612__driver_8cc.html" title="controller1612_driver.cc" alt="" coords="843,393,1016,420">
<area shape="rect" href="$eds__commands_8cc.html" title="eds_commands.cc" alt="" coords="923,316,1064,343">
<area shape="rect" href="$oap__driver_8cc.html" title="oap_driver.cc" alt="" coords="1139,316,1243,343">
<area shape="rect" href="$usv__driver_8cc.html" title="usv_driver.cc" alt="" coords="795,316,899,343">
<area shape="rect" href="$eds__connection_8cc.html" title="eds_connection.cc" alt="" coords="1267,316,1405,343">
<area shape="rect" href="$oap__access_8h.html" title="oap_access.h" alt="" coords="1272,161,1379,188">
<area shape="rect" href="$oap__access_8cc.html" title="oap_access.cc" alt="" coords="1429,316,1544,343">
<area shape="rect" href="$eds__commands_8h.html" title="eds_commands.h" alt="" coords="685,239,821,265">
<area shape="rect" href="$userpanel__driver_8cc.html" title="userpanel_driver.cc" alt="" coords="576,316,720,343">
<area shape="rect" href="$driver__factory_8cc.html" title="driver_factory.cc" alt="" coords="205,393,331,420">
<area shape="rect" href="$frame_8cc.html" title="frame.cc" alt="" coords="2029,161,2107,188">
<area shape="rect" href="$hcan__transport_8cc.html" title="hcan_transport.cc" alt="" coords="1819,239,1955,265">
<area shape="rect" href="$hcan__transport_8h.html" title="hcan_transport.h" alt="" coords="1773,161,1904,188">
<area shape="rect" href="$ihexfile_8cc.html" title="ihexfile.cc" alt="" coords="2232,161,2315,188">
<area shape="rect" href="$dynaddress_8cc.html" title="dynaddress.cc" alt="" coords="2389,161,2501,188">
