<area shape="rect" href="$atmega32__board__driver_8cc.html" title="atmega32_board_driver.cc" alt="" coords="5,84,197,111">
<area shape="rect" href="$atmega8__board__driver_8cc.html" title="atmega8_board_driver.cc" alt="" coords="221,84,405,111">
<area shape="rect" href="$board__connection_8cc.html" title="board_connection.cc" alt="" coords="429,84,581,111">
<area shape="rect" href="$board__driver_8cc.html" title="board_driver.cc" alt="" coords="605,84,723,111">
<area shape="rect" href="$controller1612__driver_8cc.html" title="controller1612_driver.cc" alt="" coords="747,84,920,111">
<area shape="rect" href="$eds__commands_8cc.html" title="eds_commands.cc" alt="" coords="944,84,1085,111">
<area shape="rect" href="$eds__connection_8cc.html" title="eds_connection.cc" alt="" coords="1109,84,1248,111">
<area shape="rect" href="$oap__access_8cc.html" title="oap_access.cc" alt="" coords="1272,84,1387,111">
<area shape="rect" href="$oap__driver_8cc.html" title="oap_driver.cc" alt="" coords="1411,84,1515,111">
<area shape="rect" href="$transport__connection_8cc.html" title="transport_connection.cc" alt="" coords="1539,84,1715,111">
<area shape="rect" href="$usv__driver_8cc.html" title="usv_driver.cc" alt="" coords="1739,84,1843,111">
