<area shape="rect" href="$usv__driver_8h.html" title="usv_driver.h" alt="" coords="352,161,448,188">
<area shape="rect" href="$board__connection_8h.html" title="board_connection.h" alt="" coords="301,239,448,265">
<area shape="rect" href="$transport__connection_8h.html" title="transport_connection.h" alt="" coords="835,84,1003,111">
<area shape="rect" href="$eds__commands_8h.html" title="eds_commands.h" alt="" coords="556,84,692,111">
<area shape="rect" href="$atmega32__board__driver_8h.html" title="atmega32_board_driver.h" alt="" coords="93,239,277,265">
<area shape="rect" href="$traceable__error_8h.html" title="libhcan++/traceable_error.h" alt="" coords="640,316,840,343">
<area shape="rect" href="$board__driver_8h.html" title="board_driver.h" alt="" coords="184,316,296,343">
<area shape="rect" href="$hcan__transport_8h.html" title="libhcan++/hcan_transport.h" alt="" coords="749,161,949,188">
<area shape="rect" href="$frame_8h.html" title="frame.h" alt="" coords="1153,239,1225,265">
<area shape="rect" href="$frame__message__description_8h.html" title="frame_message_description.h" alt="" coords="1560,316,1773,343">
<area shape="rect" href="$colors_8h.html" title="colors.h" alt="" coords="915,316,987,343">
<area shape="rect" href="$eds__connection_8h.html" title="libhcan++/eds_connection.h" alt="" coords="523,161,725,188">
<area shape="rect" href="$eds__desc_8h.html" title="eds_desc.h" alt="" coords="523,316,616,343">
